[2026-08-20T00:17:09.293+0000] {local_task_job_runner.py:120} INFO - ::group::Pre task execution logs
[2026-08-20T00:17:09.622+0000] {taskinstance.py:2076} INFO - Dependencies all met for dep_context=non-requeueable deps ti=<TaskInstance: Our_first_DAG_1.first_task scheduled__2026-08-19T00:00:00+00:00 [queued]>
[2026-08-20T00:17:09.651+0000] {taskinstance.py:2076} INFO - Dependencies all met for dep_context=requeueable deps ti=<TaskInstance: Our_first_DAG_1.first_task scheduled__2026-08-19T00:00:00+00:00 [queued]>
[2026-08-20T00:17:09.656+0000] {taskinstance.py:2306} INFO - Starting attempt 1 of 1
[2026-08-20T00:17:09.705+0000] {taskinstance.py:2330} INFO - Executing <Task(BashOperator): first_task> on 2026-08-19 00:00:00+00:00
[2026-08-20T00:17:09.732+0000] {standard_task_runner.py:90} INFO - Running: ['***', 'tasks', 'run', 'Our_first_DAG_1', 'first_task', 'scheduled__2026-08-19T00:00:00+00:00', '--job-id', '136', '--raw', '--subdir', 'DAGS_FOLDER/test_dag_3.py', '--cfg-path', '/tmp/tmpjq5bvbec']
[2026-08-20T00:17:09.738+0000] {standard_task_runner.py:91} INFO - Job 136: Subtask first_task
[2026-08-20T00:17:09.755+0000] {logging_mixin.py:188} WARNING - /home/***/.local/lib/python3.12/site-packages/***/task/task_runner/standard_task_runner.py:62 DeprecationWarning: This process (pid=17648) is multi-threaded, use of fork() may lead to deadlocks in the child.
[2026-08-20T00:17:09.757+0000] {standard_task_runner.py:64} INFO - Started process 17660 to run task
[2026-08-20T00:17:09.861+0000] {task_command.py:426} INFO - Running <TaskInstance: Our_first_DAG_1.first_task scheduled__2026-08-19T00:00:00+00:00 [running]> on host e029bb475f22
[2026-08-20T00:17:10.152+0000] {taskinstance.py:2648} INFO - Exporting env vars: AIRFLOW_CTX_DAG_OWNER='Prasun' AIRFLOW_CTX_DAG_ID='Our_first_DAG_1' AIRFLOW_CTX_TASK_ID='first_task' AIRFLOW_CTX_EXECUTION_DATE='2026-08-19T00:00:00+00:00' AIRFLOW_CTX_TRY_NUMBER='1' AIRFLOW_CTX_DAG_RUN_ID='scheduled__2026-08-19T00:00:00+00:00'
[2026-08-20T00:17:10.157+0000] {taskinstance.py:430} INFO - ::endgroup::
[2026-08-20T00:17:10.263+0000] {subprocess.py:63} INFO - Tmp dir root location: /tmp
[2026-08-20T00:17:10.273+0000] {subprocess.py:75} INFO - Running command: ['/usr/bin/bash', '-c', 'echo hello world!']
[2026-08-20T00:17:10.308+0000] {subprocess.py:86} INFO - Output:
[2026-08-20T00:17:10.387+0000] {subprocess.py:93} INFO - hello world!
[2026-08-20T00:17:10.390+0000] {subprocess.py:97} INFO - Command exited with return code 0
[2026-08-20T00:17:10.398+0000] {taskinstance.py:441} INFO - ::group::Post task execution logs
[2026-08-20T00:17:10.443+0000] {taskinstance.py:1206} INFO - Marking task as SUCCESS. dag_id=Our_first_DAG_1, task_id=first_task, run_id=scheduled__2026-08-19T00:00:00+00:00, execution_date=20260819T000000, start_date=20260820T001709, end_date=20260820T001710
[2026-08-20T00:17:10.508+0000] {local_task_job_runner.py:243} INFO - Task exited with return code 0
[2026-08-20T00:17:10.558+0000] {taskinstance.py:3503} INFO - 2 downstream tasks scheduled from follow-on schedule check
[2026-08-20T00:17:10.564+0000] {local_task_job_runner.py:222} INFO - ::endgroup::
