[2026-08-23T15:26:58.774+0000] {local_task_job_runner.py:120} INFO - ::group::Pre task execution logs
[2026-08-23T15:26:59.803+0000] {taskinstance.py:2076} INFO - Dependencies all met for dep_context=non-requeueable deps ti=<TaskInstance: Our_first_DAG_1.first_task scheduled__2026-08-22T00:00:00+00:00 [queued]>
[2026-08-23T15:27:00.050+0000] {taskinstance.py:2076} INFO - Dependencies all met for dep_context=requeueable deps ti=<TaskInstance: Our_first_DAG_1.first_task scheduled__2026-08-22T00:00:00+00:00 [queued]>
[2026-08-23T15:27:00.116+0000] {taskinstance.py:2306} INFO - Starting attempt 1 of 1
[2026-08-23T15:27:00.733+0000] {taskinstance.py:2330} INFO - Executing <Task(BashOperator): first_task> on 2026-08-22 00:00:00+00:00
[2026-08-23T15:27:00.859+0000] {standard_task_runner.py:90} INFO - Running: ['***', 'tasks', 'run', 'Our_first_DAG_1', 'first_task', 'scheduled__2026-08-22T00:00:00+00:00', '--job-id', '148', '--raw', '--subdir', 'DAGS_FOLDER/test_dag_3.py', '--cfg-path', '/tmp/tmp_h01ef0z']
[2026-08-23T15:27:00.915+0000] {standard_task_runner.py:91} INFO - Job 148: Subtask first_task
[2026-08-23T15:27:00.880+0000] {logging_mixin.py:188} WARNING - /home/***/.local/lib/python3.12/site-packages/***/task/task_runner/standard_task_runner.py:62 DeprecationWarning: This process (pid=179) is multi-threaded, use of fork() may lead to deadlocks in the child.
[2026-08-23T15:27:01.008+0000] {standard_task_runner.py:64} INFO - Started process 189 to run task
[2026-08-23T15:27:02.294+0000] {task_command.py:426} INFO - Running <TaskInstance: Our_first_DAG_1.first_task scheduled__2026-08-22T00:00:00+00:00 [running]> on host e029bb475f22
[2026-08-23T15:27:03.948+0000] {taskinstance.py:2648} INFO - Exporting env vars: AIRFLOW_CTX_DAG_OWNER='Prasun' AIRFLOW_CTX_DAG_ID='Our_first_DAG_1' AIRFLOW_CTX_TASK_ID='first_task' AIRFLOW_CTX_EXECUTION_DATE='2026-08-22T00:00:00+00:00' AIRFLOW_CTX_TRY_NUMBER='1' AIRFLOW_CTX_DAG_RUN_ID='scheduled__2026-08-22T00:00:00+00:00'
[2026-08-23T15:27:03.999+0000] {taskinstance.py:430} INFO - ::endgroup::
[2026-08-23T15:27:04.271+0000] {subprocess.py:63} INFO - Tmp dir root location: /tmp
[2026-08-23T15:27:04.306+0000] {subprocess.py:75} INFO - Running command: ['/usr/bin/bash', '-c', 'echo hello world!']
[2026-08-23T15:27:04.436+0000] {subprocess.py:86} INFO - Output:
[2026-08-23T15:27:04.478+0000] {subprocess.py:93} INFO - hello world!
[2026-08-23T15:27:04.499+0000] {subprocess.py:97} INFO - Command exited with return code 0
[2026-08-23T15:27:04.529+0000] {taskinstance.py:441} INFO - ::group::Post task execution logs
[2026-08-23T15:27:04.956+0000] {taskinstance.py:1206} INFO - Marking task as SUCCESS. dag_id=Our_first_DAG_1, task_id=first_task, run_id=scheduled__2026-08-22T00:00:00+00:00, execution_date=20260822T000000, start_date=20260823T152659, end_date=20260823T152704
[2026-08-23T15:27:05.422+0000] {local_task_job_runner.py:243} INFO - Task exited with return code 0
[2026-08-23T15:27:05.766+0000] {taskinstance.py:3503} INFO - 2 downstream tasks scheduled from follow-on schedule check
[2026-08-23T15:27:05.866+0000] {local_task_job_runner.py:222} INFO - ::endgroup::
