[2026-08-23T16:37:06.279+0000] {local_task_job_runner.py:120} INFO - ::group::Pre task execution logs
[2026-08-23T16:37:06.330+0000] {taskinstance.py:2076} INFO - Dependencies all met for dep_context=non-requeueable deps ti=<TaskInstance: zombie_survival_dag.check_supplies scheduled__2026-08-22T06:00:00+00:00 [queued]>
[2026-08-23T16:37:06.344+0000] {taskinstance.py:2076} INFO - Dependencies all met for dep_context=requeueable deps ti=<TaskInstance: zombie_survival_dag.check_supplies scheduled__2026-08-22T06:00:00+00:00 [queued]>
[2026-08-23T16:37:06.371+0000] {taskinstance.py:2306} INFO - Starting attempt 1 of 2
[2026-08-23T16:37:06.392+0000] {taskinstance.py:2330} INFO - Executing <Task(PythonOperator): check_supplies> on 2026-08-22 06:00:00+00:00
[2026-08-23T16:37:06.401+0000] {standard_task_runner.py:90} INFO - Running: ['***', 'tasks', 'run', 'zombie_survival_dag', 'check_supplies', 'scheduled__2026-08-22T06:00:00+00:00', '--job-id', '180', '--raw', '--subdir', 'DAGS_FOLDER/assignment_dag.py', '--cfg-path', '/tmp/tmpwq_1l7z0']
[2026-08-23T16:37:06.404+0000] {logging_mixin.py:188} WARNING - /home/***/.local/lib/python3.12/site-packages/***/task/task_runner/standard_task_runner.py:62 DeprecationWarning: This process (pid=192) is multi-threaded, use of fork() may lead to deadlocks in the child.
[2026-08-23T16:37:06.406+0000] {standard_task_runner.py:91} INFO - Job 180: Subtask check_supplies
[2026-08-23T16:37:06.407+0000] {standard_task_runner.py:64} INFO - Started process 193 to run task
[2026-08-23T16:37:06.480+0000] {task_command.py:426} INFO - Running <TaskInstance: zombie_survival_dag.check_supplies scheduled__2026-08-22T06:00:00+00:00 [running]> on host e029bb475f22
[2026-08-23T16:37:06.587+0000] {taskinstance.py:2648} INFO - Exporting env vars: AIRFLOW_CTX_DAG_OWNER='bunker_ops' AIRFLOW_CTX_DAG_ID='zombie_survival_dag' AIRFLOW_CTX_TASK_ID='check_supplies' AIRFLOW_CTX_EXECUTION_DATE='2026-08-22T06:00:00+00:00' AIRFLOW_CTX_TRY_NUMBER='1' AIRFLOW_CTX_DAG_RUN_ID='scheduled__2026-08-22T06:00:00+00:00'
[2026-08-23T16:37:06.590+0000] {taskinstance.py:430} INFO - ::endgroup::
[2026-08-23T16:37:06.619+0000] {assignment_dag.py:69} INFO - Food supplies are currently sufficient.
[2026-08-23T16:37:06.621+0000] {assignment_dag.py:73} INFO - Water supplies are currently sufficient.
[2026-08-23T16:37:06.651+0000] {python.py:237} INFO - Done. Returned value was: None
[2026-08-23T16:37:06.653+0000] {taskinstance.py:441} INFO - ::group::Post task execution logs
[2026-08-23T16:37:06.665+0000] {taskinstance.py:1206} INFO - Marking task as SUCCESS. dag_id=zombie_survival_dag, task_id=check_supplies, run_id=scheduled__2026-08-22T06:00:00+00:00, execution_date=20260822T060000, start_date=20260823T163706, end_date=20260823T163706
[2026-08-23T16:37:06.706+0000] {local_task_job_runner.py:243} INFO - Task exited with return code 0
[2026-08-23T16:37:06.736+0000] {taskinstance.py:3503} INFO - 1 downstream tasks scheduled from follow-on schedule check
[2026-08-23T16:37:06.741+0000] {local_task_job_runner.py:222} INFO - ::endgroup::
