[2026-08-14T09:29:27.560+0000] {local_task_job_runner.py:120} INFO - ::group::Pre task execution logs
[2026-08-14T09:29:27.613+0000] {taskinstance.py:2076} INFO - Dependencies all met for dep_context=non-requeueable deps ti=<TaskInstance: Our_first_DAG_1.fourth_task manual__2026-08-14T09:29:22.437343+00:00 [queued]>
[2026-08-14T09:29:27.627+0000] {taskinstance.py:2076} INFO - Dependencies all met for dep_context=requeueable deps ti=<TaskInstance: Our_first_DAG_1.fourth_task manual__2026-08-14T09:29:22.437343+00:00 [queued]>
[2026-08-14T09:29:27.653+0000] {taskinstance.py:2306} INFO - Starting attempt 1 of 1
[2026-08-14T09:29:27.672+0000] {taskinstance.py:2330} INFO - Executing <Task(BashOperator): fourth_task> on 2026-08-14 09:29:22.437343+00:00
[2026-08-14T09:29:27.685+0000] {logging_mixin.py:188} WARNING - /home/***/.local/lib/python3.12/site-packages/***/task/task_runner/standard_task_runner.py:62 DeprecationWarning: This process (pid=2175) is multi-threaded, use of fork() may lead to deadlocks in the child.
[2026-08-14T09:29:27.685+0000] {standard_task_runner.py:90} INFO - Running: ['***', 'tasks', 'run', 'Our_first_DAG_1', 'fourth_task', 'manual__2026-08-14T09:29:22.437343+00:00', '--job-id', '38', '--raw', '--subdir', 'DAGS_FOLDER/test_dag_3.py', '--cfg-path', '/tmp/tmpvdk5f03y']
[2026-08-14T09:29:27.693+0000] {standard_task_runner.py:64} INFO - Started process 2176 to run task
[2026-08-14T09:29:27.697+0000] {standard_task_runner.py:91} INFO - Job 38: Subtask fourth_task
[2026-08-14T09:29:27.793+0000] {task_command.py:426} INFO - Running <TaskInstance: Our_first_DAG_1.fourth_task manual__2026-08-14T09:29:22.437343+00:00 [running]> on host e029bb475f22
[2026-08-14T09:29:27.910+0000] {taskinstance.py:2648} INFO - Exporting env vars: AIRFLOW_CTX_DAG_OWNER='Prasun' AIRFLOW_CTX_DAG_ID='Our_first_DAG_1' AIRFLOW_CTX_TASK_ID='fourth_task' AIRFLOW_CTX_EXECUTION_DATE='2026-08-14T09:29:22.437343+00:00' AIRFLOW_CTX_TRY_NUMBER='1' AIRFLOW_CTX_DAG_RUN_ID='manual__2026-08-14T09:29:22.437343+00:00'
[2026-08-14T09:29:27.912+0000] {taskinstance.py:430} INFO - ::endgroup::
[2026-08-14T09:29:27.926+0000] {subprocess.py:63} INFO - Tmp dir root location: /tmp
[2026-08-14T09:29:27.929+0000] {subprocess.py:75} INFO - Running command: ['/usr/bin/bash', '-c', 'echo second task running as well']
[2026-08-14T09:29:27.943+0000] {subprocess.py:86} INFO - Output:
[2026-08-14T09:29:27.946+0000] {subprocess.py:93} INFO - second task running as well
[2026-08-14T09:29:27.948+0000] {subprocess.py:97} INFO - Command exited with return code 0
[2026-08-14T09:29:27.950+0000] {taskinstance.py:441} INFO - ::group::Post task execution logs
[2026-08-14T09:29:27.979+0000] {taskinstance.py:1206} INFO - Marking task as SUCCESS. dag_id=Our_first_DAG_1, task_id=fourth_task, run_id=manual__2026-08-14T09:29:22.437343+00:00, execution_date=20260814T092922, start_date=20260814T092927, end_date=20260814T092927
[2026-08-14T09:29:28.037+0000] {local_task_job_runner.py:243} INFO - Task exited with return code 0
[2026-08-14T09:29:28.091+0000] {taskinstance.py:3503} INFO - 1 downstream tasks scheduled from follow-on schedule check
[2026-08-14T09:29:28.097+0000] {local_task_job_runner.py:222} INFO - ::endgroup::
