[2026-08-15T16:15:41.219+0000] {local_task_job_runner.py:120} INFO - ::group::Pre task execution logs
[2026-08-15T16:15:41.406+0000] {taskinstance.py:2076} INFO - Dependencies all met for dep_context=non-requeueable deps ti=<TaskInstance: Our_first_DAG_1.second_task scheduled__2026-08-14T00:00:00+00:00 [queued]>
[2026-08-15T16:15:41.457+0000] {taskinstance.py:2076} INFO - Dependencies all met for dep_context=requeueable deps ti=<TaskInstance: Our_first_DAG_1.second_task scheduled__2026-08-14T00:00:00+00:00 [queued]>
[2026-08-15T16:15:41.471+0000] {taskinstance.py:2306} INFO - Starting attempt 1 of 1
[2026-08-15T16:15:41.533+0000] {taskinstance.py:2330} INFO - Executing <Task(BashOperator): second_task> on 2026-08-14 00:00:00+00:00
[2026-08-15T16:15:41.567+0000] {standard_task_runner.py:90} INFO - Running: ['***', 'tasks', 'run', 'Our_first_DAG_1', 'second_task', 'scheduled__2026-08-14T00:00:00+00:00', '--job-id', '97', '--raw', '--subdir', 'DAGS_FOLDER/test_dag_3.py', '--cfg-path', '/tmp/tmpuwgjr0qg']
[2026-08-15T16:15:41.580+0000] {logging_mixin.py:188} WARNING - /home/***/.local/lib/python3.12/site-packages/***/task/task_runner/standard_task_runner.py:62 DeprecationWarning: This process (pid=3317) is multi-threaded, use of fork() may lead to deadlocks in the child.
[2026-08-15T16:15:41.581+0000] {standard_task_runner.py:91} INFO - Job 97: Subtask second_task
[2026-08-15T16:15:41.586+0000] {standard_task_runner.py:64} INFO - Started process 3321 to run task
[2026-08-15T16:15:41.923+0000] {task_command.py:426} INFO - Running <TaskInstance: Our_first_DAG_1.second_task scheduled__2026-08-14T00:00:00+00:00 [running]> on host e029bb475f22
[2026-08-15T16:15:42.146+0000] {taskinstance.py:2648} INFO - Exporting env vars: AIRFLOW_CTX_DAG_OWNER='Prasun' AIRFLOW_CTX_DAG_ID='Our_first_DAG_1' AIRFLOW_CTX_TASK_ID='second_task' AIRFLOW_CTX_EXECUTION_DATE='2026-08-14T00:00:00+00:00' AIRFLOW_CTX_TRY_NUMBER='1' AIRFLOW_CTX_DAG_RUN_ID='scheduled__2026-08-14T00:00:00+00:00'
[2026-08-15T16:15:42.159+0000] {taskinstance.py:430} INFO - ::endgroup::
[2026-08-15T16:15:42.194+0000] {subprocess.py:63} INFO - Tmp dir root location: /tmp
[2026-08-15T16:15:42.215+0000] {subprocess.py:75} INFO - Running command: ['/usr/bin/bash', '-c', 'echo second task running as well']
[2026-08-15T16:15:42.238+0000] {subprocess.py:86} INFO - Output:
[2026-08-15T16:15:42.249+0000] {subprocess.py:93} INFO - second task running as well
[2026-08-15T16:15:42.260+0000] {subprocess.py:97} INFO - Command exited with return code 0
[2026-08-15T16:15:42.272+0000] {taskinstance.py:441} INFO - ::group::Post task execution logs
[2026-08-15T16:15:42.331+0000] {taskinstance.py:1206} INFO - Marking task as SUCCESS. dag_id=Our_first_DAG_1, task_id=second_task, run_id=scheduled__2026-08-14T00:00:00+00:00, execution_date=20260814T000000, start_date=20260815T161541, end_date=20260815T161542
[2026-08-15T16:15:42.380+0000] {local_task_job_runner.py:243} INFO - Task exited with return code 0
[2026-08-15T16:15:42.410+0000] {local_task_job_runner.py:222} INFO - ::endgroup::
