[2026-08-14T09:47:26.033+0000] {local_task_job_runner.py:120} INFO - ::group::Pre task execution logs
[2026-08-14T09:47:26.075+0000] {taskinstance.py:2076} INFO - Dependencies all met for dep_context=non-requeueable deps ti=<TaskInstance: Our_first_DAG_1.fifth_task manual__2026-08-14T09:47:20.645580+00:00 [queued]>
[2026-08-14T09:47:26.089+0000] {taskinstance.py:2076} INFO - Dependencies all met for dep_context=requeueable deps ti=<TaskInstance: Our_first_DAG_1.fifth_task manual__2026-08-14T09:47:20.645580+00:00 [queued]>
[2026-08-14T09:47:26.091+0000] {taskinstance.py:2306} INFO - Starting attempt 1 of 1
[2026-08-14T09:47:26.108+0000] {taskinstance.py:2330} INFO - Executing <Task(BashOperator): fifth_task> on 2026-08-14 09:47:20.645580+00:00
[2026-08-14T09:47:26.124+0000] {logging_mixin.py:188} WARNING - /home/***/.local/lib/python3.12/site-packages/***/task/task_runner/standard_task_runner.py:62 DeprecationWarning: This process (pid=2436) is multi-threaded, use of fork() may lead to deadlocks in the child.
[2026-08-14T09:47:26.123+0000] {standard_task_runner.py:90} INFO - Running: ['***', 'tasks', 'run', 'Our_first_DAG_1', 'fifth_task', 'manual__2026-08-14T09:47:20.645580+00:00', '--job-id', '63', '--raw', '--subdir', 'DAGS_FOLDER/test_dag_3.py', '--cfg-path', '/tmp/tmp_7mcstu3']
[2026-08-14T09:47:26.129+0000] {standard_task_runner.py:64} INFO - Started process 2437 to run task
[2026-08-14T09:47:26.131+0000] {standard_task_runner.py:91} INFO - Job 63: Subtask fifth_task
[2026-08-14T09:47:26.216+0000] {task_command.py:426} INFO - Running <TaskInstance: Our_first_DAG_1.fifth_task manual__2026-08-14T09:47:20.645580+00:00 [running]> on host e029bb475f22
[2026-08-14T09:47:26.362+0000] {taskinstance.py:2648} INFO - Exporting env vars: AIRFLOW_CTX_DAG_OWNER='Prasun' AIRFLOW_CTX_DAG_ID='Our_first_DAG_1' AIRFLOW_CTX_TASK_ID='fifth_task' AIRFLOW_CTX_EXECUTION_DATE='2026-08-14T09:47:20.645580+00:00' AIRFLOW_CTX_TRY_NUMBER='1' AIRFLOW_CTX_DAG_RUN_ID='manual__2026-08-14T09:47:20.645580+00:00'
[2026-08-14T09:47:26.364+0000] {taskinstance.py:430} INFO - ::endgroup::
[2026-08-14T09:47:26.380+0000] {subprocess.py:63} INFO - Tmp dir root location: /tmp
[2026-08-14T09:47:26.383+0000] {subprocess.py:75} INFO - Running command: ['/usr/bin/bash', '-c', 'python /opt/***/pyscript/new_name.py']
[2026-08-14T09:47:26.397+0000] {subprocess.py:86} INFO - Output:
[2026-08-14T09:47:26.457+0000] {subprocess.py:93} INFO - Hello chetan jain
[2026-08-14T09:47:26.464+0000] {subprocess.py:97} INFO - Command exited with return code 0
[2026-08-14T09:47:26.466+0000] {taskinstance.py:441} INFO - ::group::Post task execution logs
[2026-08-14T09:47:26.506+0000] {taskinstance.py:1206} INFO - Marking task as SUCCESS. dag_id=Our_first_DAG_1, task_id=fifth_task, run_id=manual__2026-08-14T09:47:20.645580+00:00, execution_date=20260814T094720, start_date=20260814T094726, end_date=20260814T094726
[2026-08-14T09:47:26.552+0000] {local_task_job_runner.py:243} INFO - Task exited with return code 0
[2026-08-14T09:47:26.588+0000] {taskinstance.py:3503} INFO - 1 downstream tasks scheduled from follow-on schedule check
[2026-08-14T09:47:26.595+0000] {local_task_job_runner.py:222} INFO - ::endgroup::
