[2026-08-14T09:51:30.438+0000] {local_task_job_runner.py:120} INFO - ::group::Pre task execution logs
[2026-08-14T09:51:30.492+0000] {taskinstance.py:2076} INFO - Dependencies all met for dep_context=non-requeueable deps ti=<TaskInstance: Our_first_DAG_1.first_task manual__2026-08-14T09:51:29.420880+00:00 [queued]>
[2026-08-14T09:51:30.503+0000] {taskinstance.py:2076} INFO - Dependencies all met for dep_context=requeueable deps ti=<TaskInstance: Our_first_DAG_1.first_task manual__2026-08-14T09:51:29.420880+00:00 [queued]>
[2026-08-14T09:51:30.506+0000] {taskinstance.py:2306} INFO - Starting attempt 1 of 1
[2026-08-14T09:51:30.522+0000] {taskinstance.py:2330} INFO - Executing <Task(BashOperator): first_task> on 2026-08-14 09:51:29.420880+00:00
[2026-08-14T09:51:30.533+0000] {logging_mixin.py:188} WARNING - /home/***/.local/lib/python3.12/site-packages/***/task/task_runner/standard_task_runner.py:62 DeprecationWarning: This process (pid=2520) is multi-threaded, use of fork() may lead to deadlocks in the child.
[2026-08-14T09:51:30.532+0000] {standard_task_runner.py:90} INFO - Running: ['***', 'tasks', 'run', 'Our_first_DAG_1', 'first_task', 'manual__2026-08-14T09:51:29.420880+00:00', '--job-id', '77', '--raw', '--subdir', 'DAGS_FOLDER/test_dag_3.py', '--cfg-path', '/tmp/tmpoija47ao']
[2026-08-14T09:51:30.535+0000] {standard_task_runner.py:64} INFO - Started process 2521 to run task
[2026-08-14T09:51:30.537+0000] {standard_task_runner.py:91} INFO - Job 77: Subtask first_task
[2026-08-14T09:51:30.603+0000] {task_command.py:426} INFO - Running <TaskInstance: Our_first_DAG_1.first_task manual__2026-08-14T09:51:29.420880+00:00 [running]> on host e029bb475f22
[2026-08-14T09:51:30.705+0000] {taskinstance.py:2648} INFO - Exporting env vars: AIRFLOW_CTX_DAG_OWNER='Prasun' AIRFLOW_CTX_DAG_ID='Our_first_DAG_1' AIRFLOW_CTX_TASK_ID='first_task' AIRFLOW_CTX_EXECUTION_DATE='2026-08-14T09:51:29.420880+00:00' AIRFLOW_CTX_TRY_NUMBER='1' AIRFLOW_CTX_DAG_RUN_ID='manual__2026-08-14T09:51:29.420880+00:00'
[2026-08-14T09:51:30.708+0000] {taskinstance.py:430} INFO - ::endgroup::
[2026-08-14T09:51:30.721+0000] {subprocess.py:63} INFO - Tmp dir root location: /tmp
[2026-08-14T09:51:30.723+0000] {subprocess.py:75} INFO - Running command: ['/usr/bin/bash', '-c', 'echo hello world!']
[2026-08-14T09:51:30.739+0000] {subprocess.py:86} INFO - Output:
[2026-08-14T09:51:30.741+0000] {subprocess.py:93} INFO - hello world!
[2026-08-14T09:51:30.742+0000] {subprocess.py:97} INFO - Command exited with return code 0
[2026-08-14T09:51:30.745+0000] {taskinstance.py:441} INFO - ::group::Post task execution logs
[2026-08-14T09:51:30.776+0000] {taskinstance.py:1206} INFO - Marking task as SUCCESS. dag_id=Our_first_DAG_1, task_id=first_task, run_id=manual__2026-08-14T09:51:29.420880+00:00, execution_date=20260814T095129, start_date=20260814T095130, end_date=20260814T095130
[2026-08-14T09:51:30.834+0000] {local_task_job_runner.py:243} INFO - Task exited with return code 0
[2026-08-14T09:51:30.900+0000] {taskinstance.py:3503} INFO - 2 downstream tasks scheduled from follow-on schedule check
[2026-08-14T09:51:30.908+0000] {local_task_job_runner.py:222} INFO - ::endgroup::
