[2026-08-19T04:29:00.516+0000] {local_task_job_runner.py:120} INFO - ::group::Pre task execution logs
[2026-08-19T04:29:01.056+0000] {taskinstance.py:2076} INFO - Dependencies all met for dep_context=non-requeueable deps ti=<TaskInstance: Our_first_DAG_1.fifth_task scheduled__2026-08-18T00:00:00+00:00 [queued]>
[2026-08-19T04:29:01.182+0000] {taskinstance.py:2076} INFO - Dependencies all met for dep_context=requeueable deps ti=<TaskInstance: Our_first_DAG_1.fifth_task scheduled__2026-08-18T00:00:00+00:00 [queued]>
[2026-08-19T04:29:01.244+0000] {taskinstance.py:2306} INFO - Starting attempt 1 of 1
[2026-08-19T04:29:01.343+0000] {taskinstance.py:2330} INFO - Executing <Task(BashOperator): fifth_task> on 2026-08-18 00:00:00+00:00
[2026-08-19T04:29:01.442+0000] {standard_task_runner.py:90} INFO - Running: ['***', 'tasks', 'run', 'Our_first_DAG_1', 'fifth_task', 'scheduled__2026-08-18T00:00:00+00:00', '--job-id', '133', '--raw', '--subdir', 'DAGS_FOLDER/test_dag_3.py', '--cfg-path', '/tmp/tmpp3qn3shc']
[2026-08-19T04:29:01.471+0000] {logging_mixin.py:188} WARNING - /home/***/.local/lib/python3.12/site-packages/***/task/task_runner/standard_task_runner.py:62 DeprecationWarning: This process (pid=15112) is multi-threaded, use of fork() may lead to deadlocks in the child.
[2026-08-19T04:29:01.525+0000] {standard_task_runner.py:91} INFO - Job 133: Subtask fifth_task
[2026-08-19T04:29:01.591+0000] {standard_task_runner.py:64} INFO - Started process 15113 to run task
[2026-08-19T04:29:02.292+0000] {task_command.py:426} INFO - Running <TaskInstance: Our_first_DAG_1.fifth_task scheduled__2026-08-18T00:00:00+00:00 [running]> on host e029bb475f22
[2026-08-19T04:29:02.688+0000] {taskinstance.py:2648} INFO - Exporting env vars: AIRFLOW_CTX_DAG_OWNER='Prasun' AIRFLOW_CTX_DAG_ID='Our_first_DAG_1' AIRFLOW_CTX_TASK_ID='fifth_task' AIRFLOW_CTX_EXECUTION_DATE='2026-08-18T00:00:00+00:00' AIRFLOW_CTX_TRY_NUMBER='1' AIRFLOW_CTX_DAG_RUN_ID='scheduled__2026-08-18T00:00:00+00:00'
[2026-08-19T04:29:02.730+0000] {taskinstance.py:430} INFO - ::endgroup::
[2026-08-19T04:29:02.829+0000] {subprocess.py:63} INFO - Tmp dir root location: /tmp
[2026-08-19T04:29:02.893+0000] {subprocess.py:75} INFO - Running command: ['/usr/bin/bash', '-c', 'python /opt/***/pyscript/new_name.py']
[2026-08-19T04:29:02.979+0000] {subprocess.py:86} INFO - Output:
[2026-08-19T04:29:04.505+0000] {subprocess.py:93} INFO - Hello chetan jain
[2026-08-19T04:29:04.570+0000] {subprocess.py:97} INFO - Command exited with return code 0
[2026-08-19T04:29:04.605+0000] {taskinstance.py:441} INFO - ::group::Post task execution logs
[2026-08-19T04:29:04.816+0000] {taskinstance.py:1206} INFO - Marking task as SUCCESS. dag_id=Our_first_DAG_1, task_id=fifth_task, run_id=scheduled__2026-08-18T00:00:00+00:00, execution_date=20260818T000000, start_date=20260819T042901, end_date=20260819T042904
[2026-08-19T04:29:05.001+0000] {local_task_job_runner.py:243} INFO - Task exited with return code 0
[2026-08-19T04:29:05.147+0000] {taskinstance.py:3503} INFO - 1 downstream tasks scheduled from follow-on schedule check
[2026-08-19T04:29:05.276+0000] {local_task_job_runner.py:222} INFO - ::endgroup::
