[2026-08-14T09:47:23.176+0000] {local_task_job_runner.py:120} INFO - ::group::Pre task execution logs
[2026-08-14T09:47:23.231+0000] {taskinstance.py:2076} INFO - Dependencies all met for dep_context=non-requeueable deps ti=<TaskInstance: Our_first_DAG_1.third_task manual__2026-08-14T09:47:20.645580+00:00 [queued]>
[2026-08-14T09:47:23.246+0000] {taskinstance.py:2076} INFO - Dependencies all met for dep_context=requeueable deps ti=<TaskInstance: Our_first_DAG_1.third_task manual__2026-08-14T09:47:20.645580+00:00 [queued]>
[2026-08-14T09:47:23.249+0000] {taskinstance.py:2306} INFO - Starting attempt 1 of 1
[2026-08-14T09:47:23.275+0000] {taskinstance.py:2330} INFO - Executing <Task(BashOperator): third_task> on 2026-08-14 09:47:20.645580+00:00
[2026-08-14T09:47:23.291+0000] {logging_mixin.py:188} WARNING - /home/***/.local/lib/python3.12/site-packages/***/task/task_runner/standard_task_runner.py:62 DeprecationWarning: This process (pid=2427) is multi-threaded, use of fork() may lead to deadlocks in the child.
[2026-08-14T09:47:23.289+0000] {standard_task_runner.py:90} INFO - Running: ['***', 'tasks', 'run', 'Our_first_DAG_1', 'third_task', 'manual__2026-08-14T09:47:20.645580+00:00', '--job-id', '60', '--raw', '--subdir', 'DAGS_FOLDER/test_dag_3.py', '--cfg-path', '/tmp/tmpbdkgy363']
[2026-08-14T09:47:23.294+0000] {standard_task_runner.py:64} INFO - Started process 2430 to run task
[2026-08-14T09:47:23.295+0000] {standard_task_runner.py:91} INFO - Job 60: Subtask third_task
[2026-08-14T09:47:23.389+0000] {task_command.py:426} INFO - Running <TaskInstance: Our_first_DAG_1.third_task manual__2026-08-14T09:47:20.645580+00:00 [running]> on host e029bb475f22
[2026-08-14T09:47:23.538+0000] {taskinstance.py:2648} INFO - Exporting env vars: AIRFLOW_CTX_DAG_OWNER='Prasun' AIRFLOW_CTX_DAG_ID='Our_first_DAG_1' AIRFLOW_CTX_TASK_ID='third_task' AIRFLOW_CTX_EXECUTION_DATE='2026-08-14T09:47:20.645580+00:00' AIRFLOW_CTX_TRY_NUMBER='1' AIRFLOW_CTX_DAG_RUN_ID='manual__2026-08-14T09:47:20.645580+00:00'
[2026-08-14T09:47:23.541+0000] {taskinstance.py:430} INFO - ::endgroup::
[2026-08-14T09:47:23.562+0000] {subprocess.py:63} INFO - Tmp dir root location: /tmp
[2026-08-14T09:47:23.565+0000] {subprocess.py:75} INFO - Running command: ['/usr/bin/bash', '-c', 'echo second task running as well']
[2026-08-14T09:47:23.582+0000] {subprocess.py:86} INFO - Output:
[2026-08-14T09:47:23.586+0000] {subprocess.py:93} INFO - second task running as well
[2026-08-14T09:47:23.589+0000] {subprocess.py:97} INFO - Command exited with return code 0
[2026-08-14T09:47:23.591+0000] {taskinstance.py:441} INFO - ::group::Post task execution logs
[2026-08-14T09:47:23.638+0000] {taskinstance.py:1206} INFO - Marking task as SUCCESS. dag_id=Our_first_DAG_1, task_id=third_task, run_id=manual__2026-08-14T09:47:20.645580+00:00, execution_date=20260814T094720, start_date=20260814T094723, end_date=20260814T094723
[2026-08-14T09:47:23.676+0000] {local_task_job_runner.py:243} INFO - Task exited with return code 0
[2026-08-14T09:47:23.707+0000] {taskinstance.py:3503} INFO - 0 downstream tasks scheduled from follow-on schedule check
[2026-08-14T09:47:23.712+0000] {local_task_job_runner.py:222} INFO - ::endgroup::
