[2026-08-14T09:10:24.299+0000] {local_task_job_runner.py:120} INFO - ::group::Pre task execution logs
[2026-08-14T09:10:24.460+0000] {taskinstance.py:2076} INFO - Dependencies all met for dep_context=non-requeueable deps ti=<TaskInstance: Our_first_DAG_1.fifth_task scheduled__2026-08-13T00:00:00+00:00 [queued]>
[2026-08-14T09:10:24.506+0000] {taskinstance.py:2076} INFO - Dependencies all met for dep_context=requeueable deps ti=<TaskInstance: Our_first_DAG_1.fifth_task scheduled__2026-08-13T00:00:00+00:00 [queued]>
[2026-08-14T09:10:24.516+0000] {taskinstance.py:2306} INFO - Starting attempt 1 of 1
[2026-08-14T09:10:24.555+0000] {taskinstance.py:2330} INFO - Executing <Task(BashOperator): fifth_task> on 2026-08-13 00:00:00+00:00
[2026-08-14T09:10:24.588+0000] {standard_task_runner.py:90} INFO - Running: ['***', 'tasks', 'run', 'Our_first_DAG_1', 'fifth_task', 'scheduled__2026-08-13T00:00:00+00:00', '--job-id', '18', '--raw', '--subdir', 'DAGS_FOLDER/test_dag_3.py', '--cfg-path', '/tmp/tmpr030uj8k']
[2026-08-14T09:10:24.599+0000] {logging_mixin.py:188} WARNING - /home/***/.local/lib/python3.12/site-packages/***/task/task_runner/standard_task_runner.py:62 DeprecationWarning: This process (pid=1897) is multi-threaded, use of fork() may lead to deadlocks in the child.
[2026-08-14T09:10:24.612+0000] {standard_task_runner.py:91} INFO - Job 18: Subtask fifth_task
[2026-08-14T09:10:24.625+0000] {standard_task_runner.py:64} INFO - Started process 1901 to run task
[2026-08-14T09:10:24.862+0000] {task_command.py:426} INFO - Running <TaskInstance: Our_first_DAG_1.fifth_task scheduled__2026-08-13T00:00:00+00:00 [running]> on host e029bb475f22
[2026-08-14T09:10:25.405+0000] {taskinstance.py:2648} INFO - Exporting env vars: AIRFLOW_CTX_DAG_OWNER='Prasun' AIRFLOW_CTX_DAG_ID='Our_first_DAG_1' AIRFLOW_CTX_TASK_ID='fifth_task' AIRFLOW_CTX_EXECUTION_DATE='2026-08-13T00:00:00+00:00' AIRFLOW_CTX_TRY_NUMBER='1' AIRFLOW_CTX_DAG_RUN_ID='scheduled__2026-08-13T00:00:00+00:00'
[2026-08-14T09:10:25.418+0000] {taskinstance.py:430} INFO - ::endgroup::
[2026-08-14T09:10:25.544+0000] {subprocess.py:63} INFO - Tmp dir root location: /tmp
[2026-08-14T09:10:25.551+0000] {subprocess.py:75} INFO - Running command: ['/usr/bin/bash', '-c', 'echo second task running as well']
[2026-08-14T09:10:25.581+0000] {subprocess.py:86} INFO - Output:
[2026-08-14T09:10:25.604+0000] {subprocess.py:93} INFO - second task running as well
[2026-08-14T09:10:25.608+0000] {subprocess.py:97} INFO - Command exited with return code 0
[2026-08-14T09:10:25.628+0000] {taskinstance.py:441} INFO - ::group::Post task execution logs
[2026-08-14T09:10:25.767+0000] {taskinstance.py:1206} INFO - Marking task as SUCCESS. dag_id=Our_first_DAG_1, task_id=fifth_task, run_id=scheduled__2026-08-13T00:00:00+00:00, execution_date=20260813T000000, start_date=20260814T091024, end_date=20260814T091025
[2026-08-14T09:10:25.830+0000] {local_task_job_runner.py:243} INFO - Task exited with return code 0
[2026-08-14T09:10:25.868+0000] {taskinstance.py:3503} INFO - 0 downstream tasks scheduled from follow-on schedule check
[2026-08-14T09:10:25.881+0000] {local_task_job_runner.py:222} INFO - ::endgroup::
