[2026-08-23T16:37:23.156+0000] {local_task_job_runner.py:120} INFO - ::group::Pre task execution logs
[2026-08-23T16:37:23.249+0000] {taskinstance.py:2076} INFO - Dependencies all met for dep_context=non-requeueable deps ti=<TaskInstance: zombie_survival_dag.defend_bunker manual__2026-08-23T16:37:18.976791+00:00 [queued]>
[2026-08-23T16:37:23.274+0000] {taskinstance.py:2076} INFO - Dependencies all met for dep_context=requeueable deps ti=<TaskInstance: zombie_survival_dag.defend_bunker manual__2026-08-23T16:37:18.976791+00:00 [queued]>
[2026-08-23T16:37:23.279+0000] {taskinstance.py:2306} INFO - Starting attempt 1 of 2
[2026-08-23T16:37:23.305+0000] {taskinstance.py:2330} INFO - Executing <Task(BashOperator): defend_bunker> on 2026-08-23 16:37:18.976791+00:00
[2026-08-23T16:37:23.318+0000] {standard_task_runner.py:90} INFO - Running: ['***', 'tasks', 'run', 'zombie_survival_dag', 'defend_bunker', 'manual__2026-08-23T16:37:18.976791+00:00', '--job-id', '186', '--raw', '--subdir', 'DAGS_FOLDER/assignment_dag.py', '--cfg-path', '/tmp/tmp58f876n6']
[2026-08-23T16:37:23.318+0000] {logging_mixin.py:188} WARNING - /home/***/.local/lib/python3.12/site-packages/***/task/task_runner/standard_task_runner.py:62 DeprecationWarning: This process (pid=220) is multi-threaded, use of fork() may lead to deadlocks in the child.
[2026-08-23T16:37:23.322+0000] {standard_task_runner.py:91} INFO - Job 186: Subtask defend_bunker
[2026-08-23T16:37:23.324+0000] {standard_task_runner.py:64} INFO - Started process 221 to run task
[2026-08-23T16:37:23.421+0000] {task_command.py:426} INFO - Running <TaskInstance: zombie_survival_dag.defend_bunker manual__2026-08-23T16:37:18.976791+00:00 [running]> on host e029bb475f22
[2026-08-23T16:37:23.588+0000] {taskinstance.py:2648} INFO - Exporting env vars: AIRFLOW_CTX_DAG_OWNER='bunker_ops' AIRFLOW_CTX_DAG_ID='zombie_survival_dag' AIRFLOW_CTX_TASK_ID='defend_bunker' AIRFLOW_CTX_EXECUTION_DATE='2026-08-23T16:37:18.976791+00:00' AIRFLOW_CTX_TRY_NUMBER='1' AIRFLOW_CTX_DAG_RUN_ID='manual__2026-08-23T16:37:18.976791+00:00'
[2026-08-23T16:37:23.592+0000] {taskinstance.py:430} INFO - ::endgroup::
[2026-08-23T16:37:23.613+0000] {subprocess.py:63} INFO - Tmp dir root location: /tmp
[2026-08-23T16:37:23.616+0000] {subprocess.py:75} INFO - Running command: ['/usr/bin/bash', '-c', 'echo "[DEFENSE] Threat detected near bunker." && echo "[DEFENSE] Reinforcing barricades." && echo "[DEFENSE] Defense team moving to perimeter."']
[2026-08-23T16:37:23.631+0000] {subprocess.py:86} INFO - Output:
[2026-08-23T16:37:23.635+0000] {subprocess.py:93} INFO - [DEFENSE] Threat detected near bunker.
[2026-08-23T16:37:23.637+0000] {subprocess.py:93} INFO - [DEFENSE] Reinforcing barricades.
[2026-08-23T16:37:23.640+0000] {subprocess.py:93} INFO - [DEFENSE] Defense team moving to perimeter.
[2026-08-23T16:37:23.643+0000] {subprocess.py:97} INFO - Command exited with return code 0
[2026-08-23T16:37:23.646+0000] {taskinstance.py:441} INFO - ::group::Post task execution logs
[2026-08-23T16:37:23.692+0000] {taskinstance.py:1206} INFO - Marking task as SUCCESS. dag_id=zombie_survival_dag, task_id=defend_bunker, run_id=manual__2026-08-23T16:37:18.976791+00:00, execution_date=20260823T163718, start_date=20260823T163723, end_date=20260823T163723
[2026-08-23T16:37:23.747+0000] {local_task_job_runner.py:243} INFO - Task exited with return code 0
[2026-08-23T16:37:23.830+0000] {taskinstance.py:3503} INFO - 1 downstream tasks scheduled from follow-on schedule check
[2026-08-23T16:37:23.882+0000] {local_task_job_runner.py:222} INFO - ::endgroup::
