[2026-08-23T15:27:19.935+0000] {local_task_job_runner.py:120} INFO - ::group::Pre task execution logs
[2026-08-23T15:27:20.162+0000] {taskinstance.py:2076} INFO - Dependencies all met for dep_context=non-requeueable deps ti=<TaskInstance: Our_first_DAG_1.fifth_task scheduled__2026-08-20T00:00:00+00:00 [queued]>
[2026-08-23T15:27:20.225+0000] {taskinstance.py:2076} INFO - Dependencies all met for dep_context=requeueable deps ti=<TaskInstance: Our_first_DAG_1.fifth_task scheduled__2026-08-20T00:00:00+00:00 [queued]>
[2026-08-23T15:27:20.232+0000] {taskinstance.py:2306} INFO - Starting attempt 1 of 1
[2026-08-23T15:27:20.332+0000] {taskinstance.py:2330} INFO - Executing <Task(BashOperator): fifth_task> on 2026-08-20 00:00:00+00:00
[2026-08-23T15:27:20.391+0000] {logging_mixin.py:188} WARNING - /home/***/.local/lib/python3.12/site-packages/***/task/task_runner/standard_task_runner.py:62 DeprecationWarning: This process (pid=224) is multi-threaded, use of fork() may lead to deadlocks in the child.
[2026-08-23T15:27:20.382+0000] {standard_task_runner.py:90} INFO - Running: ['***', 'tasks', 'run', 'Our_first_DAG_1', 'fifth_task', 'scheduled__2026-08-20T00:00:00+00:00', '--job-id', '162', '--raw', '--subdir', 'DAGS_FOLDER/test_dag_3.py', '--cfg-path', '/tmp/tmplhv_bnf_']
[2026-08-23T15:27:20.403+0000] {standard_task_runner.py:64} INFO - Started process 229 to run task
[2026-08-23T15:27:20.405+0000] {standard_task_runner.py:91} INFO - Job 162: Subtask fifth_task
[2026-08-23T15:27:20.729+0000] {task_command.py:426} INFO - Running <TaskInstance: Our_first_DAG_1.fifth_task scheduled__2026-08-20T00:00:00+00:00 [running]> on host e029bb475f22
[2026-08-23T15:27:21.303+0000] {taskinstance.py:2648} INFO - Exporting env vars: AIRFLOW_CTX_DAG_OWNER='Prasun' AIRFLOW_CTX_DAG_ID='Our_first_DAG_1' AIRFLOW_CTX_TASK_ID='fifth_task' AIRFLOW_CTX_EXECUTION_DATE='2026-08-20T00:00:00+00:00' AIRFLOW_CTX_TRY_NUMBER='1' AIRFLOW_CTX_DAG_RUN_ID='scheduled__2026-08-20T00:00:00+00:00'
[2026-08-23T15:27:21.310+0000] {taskinstance.py:430} INFO - ::endgroup::
[2026-08-23T15:27:21.411+0000] {subprocess.py:63} INFO - Tmp dir root location: /tmp
[2026-08-23T15:27:21.417+0000] {subprocess.py:75} INFO - Running command: ['/usr/bin/bash', '-c', 'python /opt/***/pyscript/new_name.py']
[2026-08-23T15:27:21.473+0000] {subprocess.py:86} INFO - Output:
[2026-08-23T15:27:21.782+0000] {subprocess.py:93} INFO - Hello chetan jain
[2026-08-23T15:27:21.805+0000] {subprocess.py:97} INFO - Command exited with return code 0
[2026-08-23T15:27:21.810+0000] {taskinstance.py:441} INFO - ::group::Post task execution logs
[2026-08-23T15:27:21.998+0000] {taskinstance.py:1206} INFO - Marking task as SUCCESS. dag_id=Our_first_DAG_1, task_id=fifth_task, run_id=scheduled__2026-08-20T00:00:00+00:00, execution_date=20260820T000000, start_date=20260823T152720, end_date=20260823T152721
[2026-08-23T15:27:22.135+0000] {local_task_job_runner.py:243} INFO - Task exited with return code 0
[2026-08-23T15:27:22.267+0000] {taskinstance.py:3503} INFO - 1 downstream tasks scheduled from follow-on schedule check
[2026-08-23T15:27:22.275+0000] {local_task_job_runner.py:222} INFO - ::endgroup::
