[2026-08-23T16:37:25.356+0000] {local_task_job_runner.py:120} INFO - ::group::Pre task execution logs
[2026-08-23T16:37:25.422+0000] {taskinstance.py:2076} INFO - Dependencies all met for dep_context=non-requeueable deps ti=<TaskInstance: zombie_survival_dag.check_supplies manual__2026-08-23T16:37:18.976791+00:00 [queued]>
[2026-08-23T16:37:25.440+0000] {taskinstance.py:2076} INFO - Dependencies all met for dep_context=requeueable deps ti=<TaskInstance: zombie_survival_dag.check_supplies manual__2026-08-23T16:37:18.976791+00:00 [queued]>
[2026-08-23T16:37:25.444+0000] {taskinstance.py:2306} INFO - Starting attempt 1 of 2
[2026-08-23T16:37:25.470+0000] {taskinstance.py:2330} INFO - Executing <Task(PythonOperator): check_supplies> on 2026-08-23 16:37:18.976791+00:00
[2026-08-23T16:37:25.486+0000] {logging_mixin.py:188} WARNING - /home/***/.local/lib/python3.12/site-packages/***/task/task_runner/standard_task_runner.py:62 DeprecationWarning: This process (pid=223) is multi-threaded, use of fork() may lead to deadlocks in the child.
[2026-08-23T16:37:25.486+0000] {standard_task_runner.py:90} INFO - Running: ['***', 'tasks', 'run', 'zombie_survival_dag', 'check_supplies', 'manual__2026-08-23T16:37:18.976791+00:00', '--job-id', '187', '--raw', '--subdir', 'DAGS_FOLDER/assignment_dag.py', '--cfg-path', '/tmp/tmpdbg9dbbu']
[2026-08-23T16:37:25.490+0000] {standard_task_runner.py:64} INFO - Started process 224 to run task
[2026-08-23T16:37:25.493+0000] {standard_task_runner.py:91} INFO - Job 187: Subtask check_supplies
[2026-08-23T16:37:25.578+0000] {task_command.py:426} INFO - Running <TaskInstance: zombie_survival_dag.check_supplies manual__2026-08-23T16:37:18.976791+00:00 [running]> on host e029bb475f22
[2026-08-23T16:37:25.700+0000] {taskinstance.py:2648} INFO - Exporting env vars: AIRFLOW_CTX_DAG_OWNER='bunker_ops' AIRFLOW_CTX_DAG_ID='zombie_survival_dag' AIRFLOW_CTX_TASK_ID='check_supplies' AIRFLOW_CTX_EXECUTION_DATE='2026-08-23T16:37:18.976791+00:00' AIRFLOW_CTX_TRY_NUMBER='1' AIRFLOW_CTX_DAG_RUN_ID='manual__2026-08-23T16:37:18.976791+00:00'
[2026-08-23T16:37:25.703+0000] {taskinstance.py:430} INFO - ::endgroup::
[2026-08-23T16:37:25.751+0000] {assignment_dag.py:69} INFO - Food supplies are currently sufficient.
[2026-08-23T16:37:25.754+0000] {assignment_dag.py:73} INFO - Water supplies are currently sufficient.
[2026-08-23T16:37:25.802+0000] {python.py:237} INFO - Done. Returned value was: None
[2026-08-23T16:37:25.804+0000] {taskinstance.py:441} INFO - ::group::Post task execution logs
[2026-08-23T16:37:25.818+0000] {taskinstance.py:1206} INFO - Marking task as SUCCESS. dag_id=zombie_survival_dag, task_id=check_supplies, run_id=manual__2026-08-23T16:37:18.976791+00:00, execution_date=20260823T163718, start_date=20260823T163725, end_date=20260823T163725
[2026-08-23T16:37:25.873+0000] {local_task_job_runner.py:243} INFO - Task exited with return code 0
[2026-08-23T16:37:25.924+0000] {taskinstance.py:3503} INFO - 0 downstream tasks scheduled from follow-on schedule check
[2026-08-23T16:37:25.933+0000] {local_task_job_runner.py:222} INFO - ::endgroup::
