[2026-08-20T02:36:41.490+0000] {local_task_job_runner.py:120} INFO - ::group::Pre task execution logs
[2026-08-20T02:36:41.574+0000] {taskinstance.py:2076} INFO - Dependencies all met for dep_context=non-requeueable deps ti=<TaskInstance: Our_first_DAG_1.fifth_task scheduled__2026-08-19T00:00:00+00:00 [queued]>
[2026-08-20T02:36:41.596+0000] {taskinstance.py:2076} INFO - Dependencies all met for dep_context=requeueable deps ti=<TaskInstance: Our_first_DAG_1.fifth_task scheduled__2026-08-19T00:00:00+00:00 [queued]>
[2026-08-20T02:36:41.604+0000] {taskinstance.py:2306} INFO - Starting attempt 1 of 1
[2026-08-20T02:36:41.638+0000] {taskinstance.py:2330} INFO - Executing <Task(BashOperator): fifth_task> on 2026-08-19 00:00:00+00:00
[2026-08-20T02:36:41.656+0000] {standard_task_runner.py:90} INFO - Running: ['***', 'tasks', 'run', 'Our_first_DAG_1', 'fifth_task', 'scheduled__2026-08-19T00:00:00+00:00', '--job-id', '141', '--raw', '--subdir', 'DAGS_FOLDER/test_dag_3.py', '--cfg-path', '/tmp/tmptxovo3sl']
[2026-08-20T02:36:41.664+0000] {standard_task_runner.py:91} INFO - Job 141: Subtask fifth_task
[2026-08-20T02:36:41.666+0000] {logging_mixin.py:188} WARNING - /home/***/.local/lib/python3.12/site-packages/***/task/task_runner/standard_task_runner.py:62 DeprecationWarning: This process (pid=17683) is multi-threaded, use of fork() may lead to deadlocks in the child.
[2026-08-20T02:36:41.669+0000] {standard_task_runner.py:64} INFO - Started process 17684 to run task
[2026-08-20T02:36:41.785+0000] {task_command.py:426} INFO - Running <TaskInstance: Our_first_DAG_1.fifth_task scheduled__2026-08-19T00:00:00+00:00 [running]> on host e029bb475f22
[2026-08-20T02:36:41.984+0000] {taskinstance.py:2648} INFO - Exporting env vars: AIRFLOW_CTX_DAG_OWNER='Prasun' AIRFLOW_CTX_DAG_ID='Our_first_DAG_1' AIRFLOW_CTX_TASK_ID='fifth_task' AIRFLOW_CTX_EXECUTION_DATE='2026-08-19T00:00:00+00:00' AIRFLOW_CTX_TRY_NUMBER='1' AIRFLOW_CTX_DAG_RUN_ID='scheduled__2026-08-19T00:00:00+00:00'
[2026-08-20T02:36:41.992+0000] {taskinstance.py:430} INFO - ::endgroup::
[2026-08-20T02:36:42.020+0000] {subprocess.py:63} INFO - Tmp dir root location: /tmp
[2026-08-20T02:36:42.027+0000] {subprocess.py:75} INFO - Running command: ['/usr/bin/bash', '-c', 'python /opt/***/pyscript/new_name.py']
[2026-08-20T02:36:42.044+0000] {subprocess.py:86} INFO - Output:
[2026-08-20T02:36:42.299+0000] {subprocess.py:93} INFO - Hello chetan jain
[2026-08-20T02:36:42.305+0000] {subprocess.py:97} INFO - Command exited with return code 0
[2026-08-20T02:36:42.308+0000] {taskinstance.py:441} INFO - ::group::Post task execution logs
[2026-08-20T02:36:42.358+0000] {taskinstance.py:1206} INFO - Marking task as SUCCESS. dag_id=Our_first_DAG_1, task_id=fifth_task, run_id=scheduled__2026-08-19T00:00:00+00:00, execution_date=20260819T000000, start_date=20260820T023641, end_date=20260820T023642
[2026-08-20T02:36:42.412+0000] {local_task_job_runner.py:243} INFO - Task exited with return code 0
[2026-08-20T02:36:42.492+0000] {taskinstance.py:3503} INFO - 1 downstream tasks scheduled from follow-on schedule check
[2026-08-20T02:36:42.506+0000] {local_task_job_runner.py:222} INFO - ::endgroup::
