[2026-08-16T00:09:36.114+0000] {local_task_job_runner.py:120} INFO - ::group::Pre task execution logs
[2026-08-16T00:09:36.254+0000] {taskinstance.py:2076} INFO - Dependencies all met for dep_context=non-requeueable deps ti=<TaskInstance: Our_first_DAG_1.first_task scheduled__2026-08-15T00:00:00+00:00 [queued]>
[2026-08-16T00:09:36.288+0000] {taskinstance.py:2076} INFO - Dependencies all met for dep_context=requeueable deps ti=<TaskInstance: Our_first_DAG_1.first_task scheduled__2026-08-15T00:00:00+00:00 [queued]>
[2026-08-16T00:09:36.290+0000] {taskinstance.py:2306} INFO - Starting attempt 1 of 1
[2026-08-16T00:09:36.327+0000] {taskinstance.py:2330} INFO - Executing <Task(BashOperator): first_task> on 2026-08-15 00:00:00+00:00
[2026-08-16T00:09:36.344+0000] {standard_task_runner.py:90} INFO - Running: ['***', 'tasks', 'run', 'Our_first_DAG_1', 'first_task', 'scheduled__2026-08-15T00:00:00+00:00', '--job-id', '103', '--raw', '--subdir', 'DAGS_FOLDER/test_dag_3.py', '--cfg-path', '/tmp/tmpl1ohxvw1']
[2026-08-16T00:09:36.355+0000] {standard_task_runner.py:91} INFO - Job 103: Subtask first_task
[2026-08-16T00:09:36.359+0000] {logging_mixin.py:188} WARNING - /home/***/.local/lib/python3.12/site-packages/***/task/task_runner/standard_task_runner.py:62 DeprecationWarning: This process (pid=3573) is multi-threaded, use of fork() may lead to deadlocks in the child.
[2026-08-16T00:09:36.361+0000] {standard_task_runner.py:64} INFO - Started process 3581 to run task
[2026-08-16T00:09:36.490+0000] {task_command.py:426} INFO - Running <TaskInstance: Our_first_DAG_1.first_task scheduled__2026-08-15T00:00:00+00:00 [running]> on host e029bb475f22
[2026-08-16T00:09:36.634+0000] {taskinstance.py:2648} INFO - Exporting env vars: AIRFLOW_CTX_DAG_OWNER='Prasun' AIRFLOW_CTX_DAG_ID='Our_first_DAG_1' AIRFLOW_CTX_TASK_ID='first_task' AIRFLOW_CTX_EXECUTION_DATE='2026-08-15T00:00:00+00:00' AIRFLOW_CTX_TRY_NUMBER='1' AIRFLOW_CTX_DAG_RUN_ID='scheduled__2026-08-15T00:00:00+00:00'
[2026-08-16T00:09:36.636+0000] {taskinstance.py:430} INFO - ::endgroup::
[2026-08-16T00:09:36.659+0000] {subprocess.py:63} INFO - Tmp dir root location: /tmp
[2026-08-16T00:09:36.662+0000] {subprocess.py:75} INFO - Running command: ['/usr/bin/bash', '-c', 'echo hello world!']
[2026-08-16T00:09:36.679+0000] {subprocess.py:86} INFO - Output:
[2026-08-16T00:09:36.683+0000] {subprocess.py:93} INFO - hello world!
[2026-08-16T00:09:36.688+0000] {subprocess.py:97} INFO - Command exited with return code 0
[2026-08-16T00:09:36.692+0000] {taskinstance.py:441} INFO - ::group::Post task execution logs
[2026-08-16T00:09:36.728+0000] {taskinstance.py:1206} INFO - Marking task as SUCCESS. dag_id=Our_first_DAG_1, task_id=first_task, run_id=scheduled__2026-08-15T00:00:00+00:00, execution_date=20260815T000000, start_date=20260816T000936, end_date=20260816T000936
[2026-08-16T00:09:36.784+0000] {local_task_job_runner.py:243} INFO - Task exited with return code 0
[2026-08-16T00:09:36.802+0000] {local_task_job_runner.py:222} INFO - ::endgroup::
