[2026-08-17T04:39:52.616+0000] {local_task_job_runner.py:120} INFO - ::group::Pre task execution logs
[2026-08-17T04:39:52.770+0000] {taskinstance.py:2076} INFO - Dependencies all met for dep_context=non-requeueable deps ti=<TaskInstance: Our_first_DAG_1.fourth_task scheduled__2026-08-16T00:00:00+00:00 [queued]>
[2026-08-17T04:39:52.811+0000] {taskinstance.py:2076} INFO - Dependencies all met for dep_context=requeueable deps ti=<TaskInstance: Our_first_DAG_1.fourth_task scheduled__2026-08-16T00:00:00+00:00 [queued]>
[2026-08-17T04:39:52.816+0000] {taskinstance.py:2306} INFO - Starting attempt 1 of 1
[2026-08-17T04:39:52.868+0000] {taskinstance.py:2330} INFO - Executing <Task(BashOperator): fourth_task> on 2026-08-16 00:00:00+00:00
[2026-08-17T04:39:52.896+0000] {standard_task_runner.py:90} INFO - Running: ['***', 'tasks', 'run', 'Our_first_DAG_1', 'fourth_task', 'scheduled__2026-08-16T00:00:00+00:00', '--job-id', '116', '--raw', '--subdir', 'DAGS_FOLDER/test_dag_3.py', '--cfg-path', '/tmp/tmpyot062hi']
[2026-08-17T04:39:52.907+0000] {logging_mixin.py:188} WARNING - /home/***/.local/lib/python3.12/site-packages/***/task/task_runner/standard_task_runner.py:62 DeprecationWarning: This process (pid=3627) is multi-threaded, use of fork() may lead to deadlocks in the child.
[2026-08-17T04:39:52.912+0000] {standard_task_runner.py:91} INFO - Job 116: Subtask fourth_task
[2026-08-17T04:39:52.917+0000] {standard_task_runner.py:64} INFO - Started process 3628 to run task
[2026-08-17T04:39:53.245+0000] {task_command.py:426} INFO - Running <TaskInstance: Our_first_DAG_1.fourth_task scheduled__2026-08-16T00:00:00+00:00 [running]> on host e029bb475f22
[2026-08-17T04:39:53.646+0000] {taskinstance.py:2648} INFO - Exporting env vars: AIRFLOW_CTX_DAG_OWNER='Prasun' AIRFLOW_CTX_DAG_ID='Our_first_DAG_1' AIRFLOW_CTX_TASK_ID='fourth_task' AIRFLOW_CTX_EXECUTION_DATE='2026-08-16T00:00:00+00:00' AIRFLOW_CTX_TRY_NUMBER='1' AIRFLOW_CTX_DAG_RUN_ID='scheduled__2026-08-16T00:00:00+00:00'
[2026-08-17T04:39:53.708+0000] {taskinstance.py:430} INFO - ::endgroup::
[2026-08-17T04:39:53.788+0000] {subprocess.py:63} INFO - Tmp dir root location: /tmp
[2026-08-17T04:39:53.838+0000] {subprocess.py:75} INFO - Running command: ['/usr/bin/bash', '-c', 'echo second task running as well']
[2026-08-17T04:39:53.911+0000] {subprocess.py:86} INFO - Output:
[2026-08-17T04:39:53.943+0000] {subprocess.py:93} INFO - second task running as well
[2026-08-17T04:39:53.971+0000] {subprocess.py:97} INFO - Command exited with return code 0
[2026-08-17T04:39:54.009+0000] {taskinstance.py:441} INFO - ::group::Post task execution logs
[2026-08-17T04:39:54.109+0000] {taskinstance.py:1206} INFO - Marking task as SUCCESS. dag_id=Our_first_DAG_1, task_id=fourth_task, run_id=scheduled__2026-08-16T00:00:00+00:00, execution_date=20260816T000000, start_date=20260817T043952, end_date=20260817T043954
[2026-08-17T04:39:54.248+0000] {local_task_job_runner.py:243} INFO - Task exited with return code 0
[2026-08-17T04:39:54.409+0000] {taskinstance.py:3503} INFO - 1 downstream tasks scheduled from follow-on schedule check
[2026-08-17T04:39:54.448+0000] {local_task_job_runner.py:222} INFO - ::endgroup::
