[2026-08-24T02:56:51.777+0000] {local_task_job_runner.py:120} INFO - ::group::Pre task execution logs
[2026-08-24T02:56:51.979+0000] {taskinstance.py:2076} INFO - Dependencies all met for dep_context=non-requeueable deps ti=<TaskInstance: Our_first_DAG_1.third_task scheduled__2026-08-23T00:00:00+00:00 [queued]>
[2026-08-24T02:56:52.035+0000] {taskinstance.py:2076} INFO - Dependencies all met for dep_context=requeueable deps ti=<TaskInstance: Our_first_DAG_1.third_task scheduled__2026-08-23T00:00:00+00:00 [queued]>
[2026-08-24T02:56:52.045+0000] {taskinstance.py:2306} INFO - Starting attempt 1 of 1
[2026-08-24T02:56:52.115+0000] {taskinstance.py:2330} INFO - Executing <Task(BashOperator): third_task> on 2026-08-23 00:00:00+00:00
[2026-08-24T02:56:52.163+0000] {logging_mixin.py:188} WARNING - /home/***/.local/lib/python3.12/site-packages/***/task/task_runner/standard_task_runner.py:62 DeprecationWarning: This process (pid=493) is multi-threaded, use of fork() may lead to deadlocks in the child.
[2026-08-24T02:56:52.174+0000] {standard_task_runner.py:64} INFO - Started process 499 to run task
[2026-08-24T02:56:52.174+0000] {standard_task_runner.py:90} INFO - Running: ['***', 'tasks', 'run', 'Our_first_DAG_1', 'third_task', 'scheduled__2026-08-23T00:00:00+00:00', '--job-id', '193', '--raw', '--subdir', 'DAGS_FOLDER/test_dag_3.py', '--cfg-path', '/tmp/tmpzm7we2zv']
[2026-08-24T02:56:52.189+0000] {standard_task_runner.py:91} INFO - Job 193: Subtask third_task
[2026-08-24T02:56:52.448+0000] {task_command.py:426} INFO - Running <TaskInstance: Our_first_DAG_1.third_task scheduled__2026-08-23T00:00:00+00:00 [running]> on host e029bb475f22
[2026-08-24T02:56:52.821+0000] {taskinstance.py:2648} INFO - Exporting env vars: AIRFLOW_CTX_DAG_OWNER='Prasun' AIRFLOW_CTX_DAG_ID='Our_first_DAG_1' AIRFLOW_CTX_TASK_ID='third_task' AIRFLOW_CTX_EXECUTION_DATE='2026-08-23T00:00:00+00:00' AIRFLOW_CTX_TRY_NUMBER='1' AIRFLOW_CTX_DAG_RUN_ID='scheduled__2026-08-23T00:00:00+00:00'
[2026-08-24T02:56:52.839+0000] {taskinstance.py:430} INFO - ::endgroup::
[2026-08-24T02:56:52.901+0000] {subprocess.py:63} INFO - Tmp dir root location: /tmp
[2026-08-24T02:56:52.907+0000] {subprocess.py:75} INFO - Running command: ['/usr/bin/bash', '-c', 'echo second task running as well']
[2026-08-24T02:56:52.966+0000] {subprocess.py:86} INFO - Output:
[2026-08-24T02:56:52.976+0000] {subprocess.py:93} INFO - second task running as well
[2026-08-24T02:56:52.982+0000] {subprocess.py:97} INFO - Command exited with return code 0
[2026-08-24T02:56:52.995+0000] {taskinstance.py:441} INFO - ::group::Post task execution logs
[2026-08-24T02:56:53.103+0000] {taskinstance.py:1206} INFO - Marking task as SUCCESS. dag_id=Our_first_DAG_1, task_id=third_task, run_id=scheduled__2026-08-23T00:00:00+00:00, execution_date=20260823T000000, start_date=20260824T025651, end_date=20260824T025653
[2026-08-24T02:56:53.179+0000] {local_task_job_runner.py:243} INFO - Task exited with return code 0
[2026-08-24T02:56:53.249+0000] {taskinstance.py:3503} INFO - 0 downstream tasks scheduled from follow-on schedule check
[2026-08-24T02:56:53.260+0000] {local_task_job_runner.py:222} INFO - ::endgroup::
