[2026-08-23T16:37:21.791+0000] {local_task_job_runner.py:120} INFO - ::group::Pre task execution logs
[2026-08-23T16:37:21.870+0000] {taskinstance.py:2076} INFO - Dependencies all met for dep_context=non-requeueable deps ti=<TaskInstance: zombie_survival_dag.branch_on_threat manual__2026-08-23T16:37:18.976791+00:00 [queued]>
[2026-08-23T16:37:21.890+0000] {taskinstance.py:2076} INFO - Dependencies all met for dep_context=requeueable deps ti=<TaskInstance: zombie_survival_dag.branch_on_threat manual__2026-08-23T16:37:18.976791+00:00 [queued]>
[2026-08-23T16:37:21.894+0000] {taskinstance.py:2306} INFO - Starting attempt 1 of 2
[2026-08-23T16:37:21.919+0000] {taskinstance.py:2330} INFO - Executing <Task(BranchPythonOperator): branch_on_threat> on 2026-08-23 16:37:18.976791+00:00
[2026-08-23T16:37:21.940+0000] {logging_mixin.py:188} WARNING - /home/***/.local/lib/python3.12/site-packages/***/task/task_runner/standard_task_runner.py:62 DeprecationWarning: This process (pid=218) is multi-threaded, use of fork() may lead to deadlocks in the child.
[2026-08-23T16:37:21.938+0000] {standard_task_runner.py:90} INFO - Running: ['***', 'tasks', 'run', 'zombie_survival_dag', 'branch_on_threat', 'manual__2026-08-23T16:37:18.976791+00:00', '--job-id', '185', '--raw', '--subdir', 'DAGS_FOLDER/assignment_dag.py', '--cfg-path', '/tmp/tmpva4o8zxr']
[2026-08-23T16:37:21.946+0000] {standard_task_runner.py:64} INFO - Started process 219 to run task
[2026-08-23T16:37:21.948+0000] {standard_task_runner.py:91} INFO - Job 185: Subtask branch_on_threat
[2026-08-23T16:37:22.050+0000] {task_command.py:426} INFO - Running <TaskInstance: zombie_survival_dag.branch_on_threat manual__2026-08-23T16:37:18.976791+00:00 [running]> on host e029bb475f22
[2026-08-23T16:37:22.212+0000] {taskinstance.py:2648} INFO - Exporting env vars: AIRFLOW_CTX_DAG_OWNER='bunker_ops' AIRFLOW_CTX_DAG_ID='zombie_survival_dag' AIRFLOW_CTX_TASK_ID='branch_on_threat' AIRFLOW_CTX_EXECUTION_DATE='2026-08-23T16:37:18.976791+00:00' AIRFLOW_CTX_TRY_NUMBER='1' AIRFLOW_CTX_DAG_RUN_ID='manual__2026-08-23T16:37:18.976791+00:00'
[2026-08-23T16:37:22.215+0000] {taskinstance.py:430} INFO - ::endgroup::
[2026-08-23T16:37:22.236+0000] {baseoperator.py:400} WARNING - BranchPythonOperator.execute cannot be called outside TaskInstance!
[2026-08-23T16:37:22.265+0000] {python.py:237} INFO - Done. Returned value was: defend_bunker
[2026-08-23T16:37:22.268+0000] {branch.py:36} INFO - Branch into defend_bunker
[2026-08-23T16:37:22.271+0000] {skipmixin.py:178} INFO - Following branch defend_bunker
[2026-08-23T16:37:22.303+0000] {skipmixin.py:246} INFO - Skipping tasks [('all_clear_log', -1)]
[2026-08-23T16:37:22.348+0000] {taskinstance.py:441} INFO - ::group::Post task execution logs
[2026-08-23T16:37:22.392+0000] {taskinstance.py:1206} INFO - Marking task as SUCCESS. dag_id=zombie_survival_dag, task_id=branch_on_threat, run_id=manual__2026-08-23T16:37:18.976791+00:00, execution_date=20260823T163718, start_date=20260823T163721, end_date=20260823T163722
[2026-08-23T16:37:22.449+0000] {local_task_job_runner.py:243} INFO - Task exited with return code 0
[2026-08-23T16:37:22.509+0000] {taskinstance.py:3503} INFO - 0 downstream tasks scheduled from follow-on schedule check
[2026-08-23T16:37:22.516+0000] {local_task_job_runner.py:222} INFO - ::endgroup::
