[2026-08-14T10:15:40.859+0000] {local_task_job_runner.py:120} INFO - ::group::Pre task execution logs
[2026-08-14T10:15:40.913+0000] {taskinstance.py:2076} INFO - Dependencies all met for dep_context=non-requeueable deps ti=<TaskInstance: Our_first_DAG_1.fourth_task manual__2026-08-14T10:15:36.859503+00:00 [queued]>
[2026-08-14T10:15:40.929+0000] {taskinstance.py:2076} INFO - Dependencies all met for dep_context=requeueable deps ti=<TaskInstance: Our_first_DAG_1.fourth_task manual__2026-08-14T10:15:36.859503+00:00 [queued]>
[2026-08-14T10:15:40.933+0000] {taskinstance.py:2306} INFO - Starting attempt 1 of 1
[2026-08-14T10:15:40.962+0000] {taskinstance.py:2330} INFO - Executing <Task(BashOperator): fourth_task> on 2026-08-14 10:15:36.859503+00:00
[2026-08-14T10:15:40.987+0000] {logging_mixin.py:188} WARNING - /home/***/.local/lib/python3.12/site-packages/***/task/task_runner/standard_task_runner.py:62 DeprecationWarning: This process (pid=2791) is multi-threaded, use of fork() may lead to deadlocks in the child.
[2026-08-14T10:15:40.979+0000] {standard_task_runner.py:90} INFO - Running: ['***', 'tasks', 'run', 'Our_first_DAG_1', 'fourth_task', 'manual__2026-08-14T10:15:36.859503+00:00', '--job-id', '86', '--raw', '--subdir', 'DAGS_FOLDER/test_dag_3.py', '--cfg-path', '/tmp/tmpwt9jfl9t']
[2026-08-14T10:15:40.991+0000] {standard_task_runner.py:64} INFO - Started process 2792 to run task
[2026-08-14T10:15:40.993+0000] {standard_task_runner.py:91} INFO - Job 86: Subtask fourth_task
[2026-08-14T10:15:41.104+0000] {task_command.py:426} INFO - Running <TaskInstance: Our_first_DAG_1.fourth_task manual__2026-08-14T10:15:36.859503+00:00 [running]> on host e029bb475f22
[2026-08-14T10:15:41.274+0000] {taskinstance.py:2648} INFO - Exporting env vars: AIRFLOW_CTX_DAG_OWNER='Prasun' AIRFLOW_CTX_DAG_ID='Our_first_DAG_1' AIRFLOW_CTX_TASK_ID='fourth_task' AIRFLOW_CTX_EXECUTION_DATE='2026-08-14T10:15:36.859503+00:00' AIRFLOW_CTX_TRY_NUMBER='1' AIRFLOW_CTX_DAG_RUN_ID='manual__2026-08-14T10:15:36.859503+00:00'
[2026-08-14T10:15:41.278+0000] {taskinstance.py:430} INFO - ::endgroup::
[2026-08-14T10:15:41.306+0000] {subprocess.py:63} INFO - Tmp dir root location: /tmp
[2026-08-14T10:15:41.311+0000] {subprocess.py:75} INFO - Running command: ['/usr/bin/bash', '-c', 'echo second task running as well']
[2026-08-14T10:15:41.328+0000] {subprocess.py:86} INFO - Output:
[2026-08-14T10:15:41.330+0000] {subprocess.py:93} INFO - second task running as well
[2026-08-14T10:15:41.333+0000] {subprocess.py:97} INFO - Command exited with return code 0
[2026-08-14T10:15:41.336+0000] {taskinstance.py:441} INFO - ::group::Post task execution logs
[2026-08-14T10:15:41.379+0000] {taskinstance.py:1206} INFO - Marking task as SUCCESS. dag_id=Our_first_DAG_1, task_id=fourth_task, run_id=manual__2026-08-14T10:15:36.859503+00:00, execution_date=20260814T101536, start_date=20260814T101540, end_date=20260814T101541
[2026-08-14T10:15:41.416+0000] {local_task_job_runner.py:243} INFO - Task exited with return code 0
[2026-08-14T10:15:41.453+0000] {taskinstance.py:3503} INFO - 1 downstream tasks scheduled from follow-on schedule check
[2026-08-14T10:15:41.458+0000] {local_task_job_runner.py:222} INFO - ::endgroup::
