[2026-08-23T16:25:11.956+0000] {local_task_job_runner.py:120} INFO - ::group::Pre task execution logs
[2026-08-23T16:25:12.034+0000] {taskinstance.py:2076} INFO - Dependencies all met for dep_context=non-requeueable deps ti=<TaskInstance: Our_first_DAG_1.third_task manual__2026-08-23T16:25:09.411431+00:00 [queued]>
[2026-08-23T16:25:12.056+0000] {taskinstance.py:2076} INFO - Dependencies all met for dep_context=requeueable deps ti=<TaskInstance: Our_first_DAG_1.third_task manual__2026-08-23T16:25:09.411431+00:00 [queued]>
[2026-08-23T16:25:12.069+0000] {taskinstance.py:2306} INFO - Starting attempt 1 of 1
[2026-08-23T16:25:12.105+0000] {taskinstance.py:2330} INFO - Executing <Task(BashOperator): third_task> on 2026-08-23 16:25:09.411431+00:00
[2026-08-23T16:25:12.131+0000] {logging_mixin.py:188} WARNING - /home/***/.local/lib/python3.12/site-packages/***/task/task_runner/standard_task_runner.py:62 DeprecationWarning: This process (pid=394) is multi-threaded, use of fork() may lead to deadlocks in the child.
[2026-08-23T16:25:12.126+0000] {standard_task_runner.py:90} INFO - Running: ['***', 'tasks', 'run', 'Our_first_DAG_1', 'third_task', 'manual__2026-08-23T16:25:09.411431+00:00', '--job-id', '170', '--raw', '--subdir', 'DAGS_FOLDER/test_dag_3.py', '--cfg-path', '/tmp/tmpa2k8rjua']
[2026-08-23T16:25:12.136+0000] {standard_task_runner.py:64} INFO - Started process 397 to run task
[2026-08-23T16:25:12.137+0000] {standard_task_runner.py:91} INFO - Job 170: Subtask third_task
[2026-08-23T16:25:12.225+0000] {task_command.py:426} INFO - Running <TaskInstance: Our_first_DAG_1.third_task manual__2026-08-23T16:25:09.411431+00:00 [running]> on host e029bb475f22
[2026-08-23T16:25:12.330+0000] {taskinstance.py:2648} INFO - Exporting env vars: AIRFLOW_CTX_DAG_OWNER='Prasun' AIRFLOW_CTX_DAG_ID='Our_first_DAG_1' AIRFLOW_CTX_TASK_ID='third_task' AIRFLOW_CTX_EXECUTION_DATE='2026-08-23T16:25:09.411431+00:00' AIRFLOW_CTX_TRY_NUMBER='1' AIRFLOW_CTX_DAG_RUN_ID='manual__2026-08-23T16:25:09.411431+00:00'
[2026-08-23T16:25:12.333+0000] {taskinstance.py:430} INFO - ::endgroup::
[2026-08-23T16:25:12.347+0000] {subprocess.py:63} INFO - Tmp dir root location: /tmp
[2026-08-23T16:25:12.349+0000] {subprocess.py:75} INFO - Running command: ['/usr/bin/bash', '-c', 'echo second task running as well']
[2026-08-23T16:25:12.360+0000] {subprocess.py:86} INFO - Output:
[2026-08-23T16:25:12.362+0000] {subprocess.py:93} INFO - second task running as well
[2026-08-23T16:25:12.364+0000] {subprocess.py:97} INFO - Command exited with return code 0
[2026-08-23T16:25:12.366+0000] {taskinstance.py:441} INFO - ::group::Post task execution logs
[2026-08-23T16:25:12.391+0000] {taskinstance.py:1206} INFO - Marking task as SUCCESS. dag_id=Our_first_DAG_1, task_id=third_task, run_id=manual__2026-08-23T16:25:09.411431+00:00, execution_date=20260823T162509, start_date=20260823T162512, end_date=20260823T162512
[2026-08-23T16:25:12.436+0000] {local_task_job_runner.py:243} INFO - Task exited with return code 0
[2026-08-23T16:25:12.456+0000] {taskinstance.py:3503} INFO - 0 downstream tasks scheduled from follow-on schedule check
[2026-08-23T16:25:12.461+0000] {local_task_job_runner.py:222} INFO - ::endgroup::
