[2026-08-23T15:27:21.616+0000] {local_task_job_runner.py:120} INFO - ::group::Pre task execution logs
[2026-08-23T15:27:21.910+0000] {taskinstance.py:2076} INFO - Dependencies all met for dep_context=non-requeueable deps ti=<TaskInstance: Our_first_DAG_1.fifth_task scheduled__2026-08-21T00:00:00+00:00 [queued]>
[2026-08-23T15:27:21.999+0000] {taskinstance.py:2076} INFO - Dependencies all met for dep_context=requeueable deps ti=<TaskInstance: Our_first_DAG_1.fifth_task scheduled__2026-08-21T00:00:00+00:00 [queued]>
[2026-08-23T15:27:22.003+0000] {taskinstance.py:2306} INFO - Starting attempt 1 of 1
[2026-08-23T15:27:22.113+0000] {taskinstance.py:2330} INFO - Executing <Task(BashOperator): fifth_task> on 2026-08-21 00:00:00+00:00
[2026-08-23T15:27:22.153+0000] {standard_task_runner.py:90} INFO - Running: ['***', 'tasks', 'run', 'Our_first_DAG_1', 'fifth_task', 'scheduled__2026-08-21T00:00:00+00:00', '--job-id', '164', '--raw', '--subdir', 'DAGS_FOLDER/test_dag_3.py', '--cfg-path', '/tmp/tmp5x79im4n']
[2026-08-23T15:27:22.162+0000] {logging_mixin.py:188} WARNING - /home/***/.local/lib/python3.12/site-packages/***/task/task_runner/standard_task_runner.py:62 DeprecationWarning: This process (pid=227) is multi-threaded, use of fork() may lead to deadlocks in the child.
[2026-08-23T15:27:22.176+0000] {standard_task_runner.py:91} INFO - Job 164: Subtask fifth_task
[2026-08-23T15:27:22.181+0000] {standard_task_runner.py:64} INFO - Started process 232 to run task
[2026-08-23T15:27:22.524+0000] {task_command.py:426} INFO - Running <TaskInstance: Our_first_DAG_1.fifth_task scheduled__2026-08-21T00:00:00+00:00 [running]> on host e029bb475f22
[2026-08-23T15:27:23.111+0000] {taskinstance.py:2648} INFO - Exporting env vars: AIRFLOW_CTX_DAG_OWNER='Prasun' AIRFLOW_CTX_DAG_ID='Our_first_DAG_1' AIRFLOW_CTX_TASK_ID='fifth_task' AIRFLOW_CTX_EXECUTION_DATE='2026-08-21T00:00:00+00:00' AIRFLOW_CTX_TRY_NUMBER='1' AIRFLOW_CTX_DAG_RUN_ID='scheduled__2026-08-21T00:00:00+00:00'
[2026-08-23T15:27:23.122+0000] {taskinstance.py:430} INFO - ::endgroup::
[2026-08-23T15:27:23.227+0000] {subprocess.py:63} INFO - Tmp dir root location: /tmp
[2026-08-23T15:27:23.257+0000] {subprocess.py:75} INFO - Running command: ['/usr/bin/bash', '-c', 'python /opt/***/pyscript/new_name.py']
[2026-08-23T15:27:23.420+0000] {subprocess.py:86} INFO - Output:
[2026-08-23T15:27:23.744+0000] {subprocess.py:93} INFO - Hello chetan jain
[2026-08-23T15:27:23.768+0000] {subprocess.py:97} INFO - Command exited with return code 0
[2026-08-23T15:27:23.776+0000] {taskinstance.py:441} INFO - ::group::Post task execution logs
[2026-08-23T15:27:23.955+0000] {taskinstance.py:1206} INFO - Marking task as SUCCESS. dag_id=Our_first_DAG_1, task_id=fifth_task, run_id=scheduled__2026-08-21T00:00:00+00:00, execution_date=20260821T000000, start_date=20260823T152721, end_date=20260823T152723
[2026-08-23T15:27:24.091+0000] {local_task_job_runner.py:243} INFO - Task exited with return code 0
[2026-08-23T15:27:24.330+0000] {taskinstance.py:3503} INFO - 1 downstream tasks scheduled from follow-on schedule check
[2026-08-23T15:27:24.340+0000] {local_task_job_runner.py:222} INFO - ::endgroup::
