[2026-08-14T09:12:20.117+0000] {local_task_job_runner.py:120} INFO - ::group::Pre task execution logs
[2026-08-14T09:12:20.213+0000] {taskinstance.py:2076} INFO - Dependencies all met for dep_context=non-requeueable deps ti=<TaskInstance: Our_first_DAG_1.second_task manual__2026-08-14T09:12:17.386796+00:00 [queued]>
[2026-08-14T09:12:20.228+0000] {taskinstance.py:2076} INFO - Dependencies all met for dep_context=requeueable deps ti=<TaskInstance: Our_first_DAG_1.second_task manual__2026-08-14T09:12:17.386796+00:00 [queued]>
[2026-08-14T09:12:20.231+0000] {taskinstance.py:2306} INFO - Starting attempt 1 of 1
[2026-08-14T09:12:20.262+0000] {taskinstance.py:2330} INFO - Executing <Task(BashOperator): second_task> on 2026-08-14 09:12:17.386796+00:00
[2026-08-14T09:12:20.294+0000] {logging_mixin.py:188} WARNING - /home/***/.local/lib/python3.12/site-packages/***/task/task_runner/standard_task_runner.py:62 DeprecationWarning: This process (pid=1942) is multi-threaded, use of fork() may lead to deadlocks in the child.
[2026-08-14T09:12:20.288+0000] {standard_task_runner.py:90} INFO - Running: ['***', 'tasks', 'run', 'Our_first_DAG_1', 'second_task', 'manual__2026-08-14T09:12:17.386796+00:00', '--job-id', '25', '--raw', '--subdir', 'DAGS_FOLDER/test_dag_3.py', '--cfg-path', '/tmp/tmpkg5beaqp']
[2026-08-14T09:12:20.300+0000] {standard_task_runner.py:64} INFO - Started process 1945 to run task
[2026-08-14T09:12:20.302+0000] {standard_task_runner.py:91} INFO - Job 25: Subtask second_task
[2026-08-14T09:12:20.430+0000] {task_command.py:426} INFO - Running <TaskInstance: Our_first_DAG_1.second_task manual__2026-08-14T09:12:17.386796+00:00 [running]> on host e029bb475f22
[2026-08-14T09:12:20.621+0000] {taskinstance.py:2648} INFO - Exporting env vars: AIRFLOW_CTX_DAG_OWNER='Prasun' AIRFLOW_CTX_DAG_ID='Our_first_DAG_1' AIRFLOW_CTX_TASK_ID='second_task' AIRFLOW_CTX_EXECUTION_DATE='2026-08-14T09:12:17.386796+00:00' AIRFLOW_CTX_TRY_NUMBER='1' AIRFLOW_CTX_DAG_RUN_ID='manual__2026-08-14T09:12:17.386796+00:00'
[2026-08-14T09:12:20.624+0000] {taskinstance.py:430} INFO - ::endgroup::
[2026-08-14T09:12:20.648+0000] {subprocess.py:63} INFO - Tmp dir root location: /tmp
[2026-08-14T09:12:20.651+0000] {subprocess.py:75} INFO - Running command: ['/usr/bin/bash', '-c', 'echo second task running as well']
[2026-08-14T09:12:20.663+0000] {subprocess.py:86} INFO - Output:
[2026-08-14T09:12:20.665+0000] {subprocess.py:93} INFO - second task running as well
[2026-08-14T09:12:20.667+0000] {subprocess.py:97} INFO - Command exited with return code 0
[2026-08-14T09:12:20.670+0000] {taskinstance.py:441} INFO - ::group::Post task execution logs
[2026-08-14T09:12:20.704+0000] {taskinstance.py:1206} INFO - Marking task as SUCCESS. dag_id=Our_first_DAG_1, task_id=second_task, run_id=manual__2026-08-14T09:12:17.386796+00:00, execution_date=20260814T091217, start_date=20260814T091220, end_date=20260814T091220
[2026-08-14T09:12:20.765+0000] {local_task_job_runner.py:243} INFO - Task exited with return code 0
[2026-08-14T09:12:20.815+0000] {taskinstance.py:3503} INFO - 1 downstream tasks scheduled from follow-on schedule check
[2026-08-14T09:12:20.822+0000] {local_task_job_runner.py:222} INFO - ::endgroup::
