[2026-08-13T10:14:47.288+0000] {local_task_job_runner.py:120} INFO - ::group::Pre task execution logs
[2026-08-13T10:14:47.361+0000] {taskinstance.py:2076} INFO - Dependencies all met for dep_context=non-requeueable deps ti=<TaskInstance: Our_first_DAG_1.second_task manual__2026-08-13T10:14:45.718523+00:00 [queued]>
[2026-08-13T10:14:47.380+0000] {taskinstance.py:2076} INFO - Dependencies all met for dep_context=requeueable deps ti=<TaskInstance: Our_first_DAG_1.second_task manual__2026-08-13T10:14:45.718523+00:00 [queued]>
[2026-08-13T10:14:47.382+0000] {taskinstance.py:2306} INFO - Starting attempt 1 of 1
[2026-08-13T10:14:47.414+0000] {taskinstance.py:2330} INFO - Executing <Task(BashOperator): second_task> on 2026-08-13 10:14:45.718523+00:00
[2026-08-13T10:14:47.441+0000] {logging_mixin.py:188} WARNING - /home/***/.local/lib/python3.12/site-packages/***/task/task_runner/standard_task_runner.py:62 DeprecationWarning: This process (pid=324) is multi-threaded, use of fork() may lead to deadlocks in the child.
[2026-08-13T10:14:47.446+0000] {standard_task_runner.py:90} INFO - Running: ['***', 'tasks', 'run', 'Our_first_DAG_1', 'second_task', 'manual__2026-08-13T10:14:45.718523+00:00', '--job-id', '3', '--raw', '--subdir', 'DAGS_FOLDER/test_dag_3.py', '--cfg-path', '/tmp/tmpz79okl8q']
[2026-08-13T10:14:47.449+0000] {standard_task_runner.py:64} INFO - Started process 331 to run task
[2026-08-13T10:14:47.450+0000] {standard_task_runner.py:91} INFO - Job 3: Subtask second_task
[2026-08-13T10:14:47.616+0000] {task_command.py:426} INFO - Running <TaskInstance: Our_first_DAG_1.second_task manual__2026-08-13T10:14:45.718523+00:00 [running]> on host e029bb475f22
[2026-08-13T10:14:47.826+0000] {taskinstance.py:2648} INFO - Exporting env vars: AIRFLOW_CTX_DAG_OWNER='Prasun' AIRFLOW_CTX_DAG_ID='Our_first_DAG_1' AIRFLOW_CTX_TASK_ID='second_task' AIRFLOW_CTX_EXECUTION_DATE='2026-08-13T10:14:45.718523+00:00' AIRFLOW_CTX_TRY_NUMBER='1' AIRFLOW_CTX_DAG_RUN_ID='manual__2026-08-13T10:14:45.718523+00:00'
[2026-08-13T10:14:47.836+0000] {taskinstance.py:430} INFO - ::endgroup::
[2026-08-13T10:14:47.880+0000] {subprocess.py:63} INFO - Tmp dir root location: /tmp
[2026-08-13T10:14:47.887+0000] {subprocess.py:75} INFO - Running command: ['/usr/bin/bash', '-c', 'echo second task running as well']
[2026-08-13T10:14:47.929+0000] {subprocess.py:86} INFO - Output:
[2026-08-13T10:14:47.933+0000] {subprocess.py:93} INFO - second task running as well
[2026-08-13T10:14:47.936+0000] {subprocess.py:97} INFO - Command exited with return code 0
[2026-08-13T10:14:47.939+0000] {taskinstance.py:441} INFO - ::group::Post task execution logs
[2026-08-13T10:14:48.039+0000] {taskinstance.py:1206} INFO - Marking task as SUCCESS. dag_id=Our_first_DAG_1, task_id=second_task, run_id=manual__2026-08-13T10:14:45.718523+00:00, execution_date=20260813T101445, start_date=20260813T101447, end_date=20260813T101448
[2026-08-13T10:14:48.116+0000] {local_task_job_runner.py:243} INFO - Task exited with return code 0
[2026-08-13T10:14:48.141+0000] {local_task_job_runner.py:222} INFO - ::endgroup::
