[2026-08-23T16:37:28.094+0000] {local_task_job_runner.py:120} INFO - ::group::Pre task execution logs
[2026-08-23T16:37:28.181+0000] {taskinstance.py:2076} INFO - Dependencies all met for dep_context=non-requeueable deps ti=<TaskInstance: zombie_survival_dag.mission_report manual__2026-08-23T16:37:18.976791+00:00 [queued]>
[2026-08-23T16:37:28.194+0000] {taskinstance.py:2076} INFO - Dependencies all met for dep_context=requeueable deps ti=<TaskInstance: zombie_survival_dag.mission_report manual__2026-08-23T16:37:18.976791+00:00 [queued]>
[2026-08-23T16:37:28.198+0000] {taskinstance.py:2306} INFO - Starting attempt 1 of 2
[2026-08-23T16:37:28.218+0000] {taskinstance.py:2330} INFO - Executing <Task(BashOperator): mission_report> on 2026-08-23 16:37:18.976791+00:00
[2026-08-23T16:37:28.233+0000] {logging_mixin.py:188} WARNING - /home/***/.local/lib/python3.12/site-packages/***/task/task_runner/standard_task_runner.py:62 DeprecationWarning: This process (pid=227) is multi-threaded, use of fork() may lead to deadlocks in the child.
[2026-08-23T16:37:28.233+0000] {standard_task_runner.py:90} INFO - Running: ['***', 'tasks', 'run', 'zombie_survival_dag', 'mission_report', 'manual__2026-08-23T16:37:18.976791+00:00', '--job-id', '189', '--raw', '--subdir', 'DAGS_FOLDER/assignment_dag.py', '--cfg-path', '/tmp/tmpq5etxsto']
[2026-08-23T16:37:28.238+0000] {standard_task_runner.py:64} INFO - Started process 228 to run task
[2026-08-23T16:37:28.242+0000] {standard_task_runner.py:91} INFO - Job 189: Subtask mission_report
[2026-08-23T16:37:28.341+0000] {task_command.py:426} INFO - Running <TaskInstance: zombie_survival_dag.mission_report manual__2026-08-23T16:37:18.976791+00:00 [running]> on host e029bb475f22
[2026-08-23T16:37:28.470+0000] {taskinstance.py:2648} INFO - Exporting env vars: AIRFLOW_CTX_DAG_OWNER='bunker_ops' AIRFLOW_CTX_DAG_ID='zombie_survival_dag' AIRFLOW_CTX_TASK_ID='mission_report' AIRFLOW_CTX_EXECUTION_DATE='2026-08-23T16:37:18.976791+00:00' AIRFLOW_CTX_TRY_NUMBER='1' AIRFLOW_CTX_DAG_RUN_ID='manual__2026-08-23T16:37:18.976791+00:00'
[2026-08-23T16:37:28.475+0000] {taskinstance.py:430} INFO - ::endgroup::
[2026-08-23T16:37:28.503+0000] {subprocess.py:63} INFO - Tmp dir root location: /tmp
[2026-08-23T16:37:28.507+0000] {subprocess.py:75} INFO - Running command: ['/usr/bin/bash', '-c', 'echo "[REPORT] Zombie survival routine completed." && echo "[REPORT] Perimeter inspection completed." && echo "[REPORT] Survivor headcount completed." && echo "[REPORT] Supply assessment completed." && echo "[REPORT] Final survival decision completed."']
[2026-08-23T16:37:28.526+0000] {subprocess.py:86} INFO - Output:
[2026-08-23T16:37:28.531+0000] {subprocess.py:93} INFO - [REPORT] Zombie survival routine completed.
[2026-08-23T16:37:28.534+0000] {subprocess.py:93} INFO - [REPORT] Perimeter inspection completed.
[2026-08-23T16:37:28.537+0000] {subprocess.py:93} INFO - [REPORT] Survivor headcount completed.
[2026-08-23T16:37:28.540+0000] {subprocess.py:93} INFO - [REPORT] Supply assessment completed.
[2026-08-23T16:37:28.543+0000] {subprocess.py:93} INFO - [REPORT] Final survival decision completed.
[2026-08-23T16:37:28.546+0000] {subprocess.py:97} INFO - Command exited with return code 0
[2026-08-23T16:37:28.550+0000] {taskinstance.py:441} INFO - ::group::Post task execution logs
[2026-08-23T16:37:28.588+0000] {taskinstance.py:1206} INFO - Marking task as SUCCESS. dag_id=zombie_survival_dag, task_id=mission_report, run_id=manual__2026-08-23T16:37:18.976791+00:00, execution_date=20260823T163718, start_date=20260823T163728, end_date=20260823T163728
[2026-08-23T16:37:28.621+0000] {local_task_job_runner.py:243} INFO - Task exited with return code 0
[2026-08-23T16:37:28.652+0000] {taskinstance.py:3503} INFO - 0 downstream tasks scheduled from follow-on schedule check
[2026-08-23T16:37:28.659+0000] {local_task_job_runner.py:222} INFO - ::endgroup::
