[2026-08-18T04:24:45.251+0000] {local_task_job_runner.py:120} INFO - ::group::Pre task execution logs
[2026-08-18T04:24:45.541+0000] {taskinstance.py:2076} INFO - Dependencies all met for dep_context=non-requeueable deps ti=<TaskInstance: Our_first_DAG_1.first_task scheduled__2026-08-17T00:00:00+00:00 [queued]>
[2026-08-18T04:24:45.575+0000] {taskinstance.py:2076} INFO - Dependencies all met for dep_context=requeueable deps ti=<TaskInstance: Our_first_DAG_1.first_task scheduled__2026-08-17T00:00:00+00:00 [queued]>
[2026-08-18T04:24:45.580+0000] {taskinstance.py:2306} INFO - Starting attempt 1 of 1
[2026-08-18T04:24:45.646+0000] {taskinstance.py:2330} INFO - Executing <Task(BashOperator): first_task> on 2026-08-17 00:00:00+00:00
[2026-08-18T04:24:45.670+0000] {standard_task_runner.py:90} INFO - Running: ['***', 'tasks', 'run', 'Our_first_DAG_1', 'first_task', 'scheduled__2026-08-17T00:00:00+00:00', '--job-id', '120', '--raw', '--subdir', 'DAGS_FOLDER/test_dag_3.py', '--cfg-path', '/tmp/tmpkp_vwzfy']
[2026-08-18T04:24:45.688+0000] {standard_task_runner.py:91} INFO - Job 120: Subtask first_task
[2026-08-18T04:24:45.695+0000] {logging_mixin.py:188} WARNING - /home/***/.local/lib/python3.12/site-packages/***/task/task_runner/standard_task_runner.py:62 DeprecationWarning: This process (pid=9595) is multi-threaded, use of fork() may lead to deadlocks in the child.
[2026-08-18T04:24:45.704+0000] {standard_task_runner.py:64} INFO - Started process 9607 to run task
[2026-08-18T04:24:45.912+0000] {task_command.py:426} INFO - Running <TaskInstance: Our_first_DAG_1.first_task scheduled__2026-08-17T00:00:00+00:00 [running]> on host e029bb475f22
[2026-08-18T04:24:46.214+0000] {taskinstance.py:2648} INFO - Exporting env vars: AIRFLOW_CTX_DAG_OWNER='Prasun' AIRFLOW_CTX_DAG_ID='Our_first_DAG_1' AIRFLOW_CTX_TASK_ID='first_task' AIRFLOW_CTX_EXECUTION_DATE='2026-08-17T00:00:00+00:00' AIRFLOW_CTX_TRY_NUMBER='1' AIRFLOW_CTX_DAG_RUN_ID='scheduled__2026-08-17T00:00:00+00:00'
[2026-08-18T04:24:46.219+0000] {taskinstance.py:430} INFO - ::endgroup::
[2026-08-18T04:24:46.309+0000] {subprocess.py:63} INFO - Tmp dir root location: /tmp
[2026-08-18T04:24:46.316+0000] {subprocess.py:75} INFO - Running command: ['/usr/bin/bash', '-c', 'echo hello world!']
[2026-08-18T04:24:46.367+0000] {subprocess.py:86} INFO - Output:
[2026-08-18T04:24:46.425+0000] {subprocess.py:93} INFO - hello world!
[2026-08-18T04:24:46.428+0000] {subprocess.py:97} INFO - Command exited with return code 0
[2026-08-18T04:24:46.433+0000] {taskinstance.py:441} INFO - ::group::Post task execution logs
[2026-08-18T04:24:46.496+0000] {taskinstance.py:1206} INFO - Marking task as SUCCESS. dag_id=Our_first_DAG_1, task_id=first_task, run_id=scheduled__2026-08-17T00:00:00+00:00, execution_date=20260817T000000, start_date=20260818T042445, end_date=20260818T042446
[2026-08-18T04:24:46.579+0000] {local_task_job_runner.py:243} INFO - Task exited with return code 0
[2026-08-18T04:24:46.668+0000] {taskinstance.py:3503} INFO - 2 downstream tasks scheduled from follow-on schedule check
[2026-08-18T04:24:46.675+0000] {local_task_job_runner.py:222} INFO - ::endgroup::
