[2026-08-14T09:46:07.800+0000] {local_task_job_runner.py:120} INFO - ::group::Pre task execution logs
[2026-08-14T09:46:07.855+0000] {taskinstance.py:2076} INFO - Dependencies all met for dep_context=non-requeueable deps ti=<TaskInstance: Our_first_DAG_1.fourth_task manual__2026-08-14T09:46:00.368339+00:00 [queued]>
[2026-08-14T09:46:07.867+0000] {taskinstance.py:2076} INFO - Dependencies all met for dep_context=requeueable deps ti=<TaskInstance: Our_first_DAG_1.fourth_task manual__2026-08-14T09:46:00.368339+00:00 [queued]>
[2026-08-14T09:46:07.869+0000] {taskinstance.py:2306} INFO - Starting attempt 1 of 1
[2026-08-14T09:46:07.887+0000] {taskinstance.py:2330} INFO - Executing <Task(BashOperator): fourth_task> on 2026-08-14 09:46:00.368339+00:00
[2026-08-14T09:46:07.898+0000] {standard_task_runner.py:90} INFO - Running: ['***', 'tasks', 'run', 'Our_first_DAG_1', 'fourth_task', 'manual__2026-08-14T09:46:00.368339+00:00', '--job-id', '54', '--raw', '--subdir', 'DAGS_FOLDER/test_dag_3.py', '--cfg-path', '/tmp/tmpeu33xn_d']
[2026-08-14T09:46:07.902+0000] {logging_mixin.py:188} WARNING - /home/***/.local/lib/python3.12/site-packages/***/task/task_runner/standard_task_runner.py:62 DeprecationWarning: This process (pid=2394) is multi-threaded, use of fork() may lead to deadlocks in the child.
[2026-08-14T09:46:07.904+0000] {standard_task_runner.py:91} INFO - Job 54: Subtask fourth_task
[2026-08-14T09:46:07.907+0000] {standard_task_runner.py:64} INFO - Started process 2396 to run task
[2026-08-14T09:46:07.985+0000] {task_command.py:426} INFO - Running <TaskInstance: Our_first_DAG_1.fourth_task manual__2026-08-14T09:46:00.368339+00:00 [running]> on host e029bb475f22
[2026-08-14T09:46:08.191+0000] {taskinstance.py:2648} INFO - Exporting env vars: AIRFLOW_CTX_DAG_OWNER='Prasun' AIRFLOW_CTX_DAG_ID='Our_first_DAG_1' AIRFLOW_CTX_TASK_ID='fourth_task' AIRFLOW_CTX_EXECUTION_DATE='2026-08-14T09:46:00.368339+00:00' AIRFLOW_CTX_TRY_NUMBER='1' AIRFLOW_CTX_DAG_RUN_ID='manual__2026-08-14T09:46:00.368339+00:00'
[2026-08-14T09:46:08.193+0000] {taskinstance.py:430} INFO - ::endgroup::
[2026-08-14T09:46:08.219+0000] {subprocess.py:63} INFO - Tmp dir root location: /tmp
[2026-08-14T09:46:08.227+0000] {subprocess.py:75} INFO - Running command: ['/usr/bin/bash', '-c', 'echo second task running as well']
[2026-08-14T09:46:08.251+0000] {subprocess.py:86} INFO - Output:
[2026-08-14T09:46:08.259+0000] {subprocess.py:93} INFO - second task running as well
[2026-08-14T09:46:08.263+0000] {subprocess.py:97} INFO - Command exited with return code 0
[2026-08-14T09:46:08.267+0000] {taskinstance.py:441} INFO - ::group::Post task execution logs
[2026-08-14T09:46:08.330+0000] {taskinstance.py:1206} INFO - Marking task as SUCCESS. dag_id=Our_first_DAG_1, task_id=fourth_task, run_id=manual__2026-08-14T09:46:00.368339+00:00, execution_date=20260814T094600, start_date=20260814T094607, end_date=20260814T094608
[2026-08-14T09:46:08.407+0000] {local_task_job_runner.py:243} INFO - Task exited with return code 0
[2026-08-14T09:46:08.438+0000] {local_task_job_runner.py:222} INFO - ::endgroup::
