[2026-08-14T09:36:23.581+0000] {local_task_job_runner.py:120} INFO - ::group::Pre task execution logs
[2026-08-14T09:36:23.630+0000] {taskinstance.py:2076} INFO - Dependencies all met for dep_context=non-requeueable deps ti=<TaskInstance: Our_first_DAG_1.third_task manual__2026-08-14T09:36:20.840030+00:00 [queued]>
[2026-08-14T09:36:23.641+0000] {taskinstance.py:2076} INFO - Dependencies all met for dep_context=requeueable deps ti=<TaskInstance: Our_first_DAG_1.third_task manual__2026-08-14T09:36:20.840030+00:00 [queued]>
[2026-08-14T09:36:23.644+0000] {taskinstance.py:2306} INFO - Starting attempt 1 of 1
[2026-08-14T09:36:23.660+0000] {taskinstance.py:2330} INFO - Executing <Task(BashOperator): third_task> on 2026-08-14 09:36:20.840030+00:00
[2026-08-14T09:36:23.677+0000] {standard_task_runner.py:90} INFO - Running: ['***', 'tasks', 'run', 'Our_first_DAG_1', 'third_task', 'manual__2026-08-14T09:36:20.840030+00:00', '--job-id', '42', '--raw', '--subdir', 'DAGS_FOLDER/test_dag_3.py', '--cfg-path', '/tmp/tmpr06wfcdx']
[2026-08-14T09:36:23.680+0000] {logging_mixin.py:188} WARNING - /home/***/.local/lib/python3.12/site-packages/***/task/task_runner/standard_task_runner.py:62 DeprecationWarning: This process (pid=2261) is multi-threaded, use of fork() may lead to deadlocks in the child.
[2026-08-14T09:36:23.682+0000] {standard_task_runner.py:91} INFO - Job 42: Subtask third_task
[2026-08-14T09:36:23.683+0000] {standard_task_runner.py:64} INFO - Started process 2263 to run task
[2026-08-14T09:36:23.760+0000] {task_command.py:426} INFO - Running <TaskInstance: Our_first_DAG_1.third_task manual__2026-08-14T09:36:20.840030+00:00 [running]> on host e029bb475f22
[2026-08-14T09:36:23.910+0000] {taskinstance.py:2648} INFO - Exporting env vars: AIRFLOW_CTX_DAG_OWNER='Prasun' AIRFLOW_CTX_DAG_ID='Our_first_DAG_1' AIRFLOW_CTX_TASK_ID='third_task' AIRFLOW_CTX_EXECUTION_DATE='2026-08-14T09:36:20.840030+00:00' AIRFLOW_CTX_TRY_NUMBER='1' AIRFLOW_CTX_DAG_RUN_ID='manual__2026-08-14T09:36:20.840030+00:00'
[2026-08-14T09:36:23.917+0000] {taskinstance.py:430} INFO - ::endgroup::
[2026-08-14T09:36:23.946+0000] {subprocess.py:63} INFO - Tmp dir root location: /tmp
[2026-08-14T09:36:23.949+0000] {subprocess.py:75} INFO - Running command: ['/usr/bin/bash', '-c', 'echo second task running as well']
[2026-08-14T09:36:23.989+0000] {subprocess.py:86} INFO - Output:
[2026-08-14T09:36:23.992+0000] {subprocess.py:93} INFO - second task running as well
[2026-08-14T09:36:23.994+0000] {subprocess.py:97} INFO - Command exited with return code 0
[2026-08-14T09:36:23.997+0000] {taskinstance.py:441} INFO - ::group::Post task execution logs
[2026-08-14T09:36:24.043+0000] {taskinstance.py:1206} INFO - Marking task as SUCCESS. dag_id=Our_first_DAG_1, task_id=third_task, run_id=manual__2026-08-14T09:36:20.840030+00:00, execution_date=20260814T093620, start_date=20260814T093623, end_date=20260814T093624
[2026-08-14T09:36:24.100+0000] {local_task_job_runner.py:243} INFO - Task exited with return code 0
[2026-08-14T09:36:24.123+0000] {taskinstance.py:3503} INFO - 0 downstream tasks scheduled from follow-on schedule check
[2026-08-14T09:36:24.127+0000] {local_task_job_runner.py:222} INFO - ::endgroup::
