[2026-08-17T04:39:49.180+0000] {local_task_job_runner.py:120} INFO - ::group::Pre task execution logs
[2026-08-17T04:39:49.359+0000] {taskinstance.py:2076} INFO - Dependencies all met for dep_context=non-requeueable deps ti=<TaskInstance: Our_first_DAG_1.third_task scheduled__2026-08-16T00:00:00+00:00 [queued]>
[2026-08-17T04:39:49.399+0000] {taskinstance.py:2076} INFO - Dependencies all met for dep_context=requeueable deps ti=<TaskInstance: Our_first_DAG_1.third_task scheduled__2026-08-16T00:00:00+00:00 [queued]>
[2026-08-17T04:39:49.407+0000] {taskinstance.py:2306} INFO - Starting attempt 1 of 1
[2026-08-17T04:39:49.462+0000] {taskinstance.py:2330} INFO - Executing <Task(BashOperator): third_task> on 2026-08-16 00:00:00+00:00
[2026-08-17T04:39:49.497+0000] {standard_task_runner.py:90} INFO - Running: ['***', 'tasks', 'run', 'Our_first_DAG_1', 'third_task', 'scheduled__2026-08-16T00:00:00+00:00', '--job-id', '114', '--raw', '--subdir', 'DAGS_FOLDER/test_dag_3.py', '--cfg-path', '/tmp/tmpnz261j2m']
[2026-08-17T04:39:49.507+0000] {logging_mixin.py:188} WARNING - /home/***/.local/lib/python3.12/site-packages/***/task/task_runner/standard_task_runner.py:62 DeprecationWarning: This process (pid=3615) is multi-threaded, use of fork() may lead to deadlocks in the child.
[2026-08-17T04:39:49.516+0000] {standard_task_runner.py:91} INFO - Job 114: Subtask third_task
[2026-08-17T04:39:49.524+0000] {standard_task_runner.py:64} INFO - Started process 3622 to run task
[2026-08-17T04:39:49.768+0000] {task_command.py:426} INFO - Running <TaskInstance: Our_first_DAG_1.third_task scheduled__2026-08-16T00:00:00+00:00 [running]> on host e029bb475f22
[2026-08-17T04:39:50.191+0000] {taskinstance.py:2648} INFO - Exporting env vars: AIRFLOW_CTX_DAG_OWNER='Prasun' AIRFLOW_CTX_DAG_ID='Our_first_DAG_1' AIRFLOW_CTX_TASK_ID='third_task' AIRFLOW_CTX_EXECUTION_DATE='2026-08-16T00:00:00+00:00' AIRFLOW_CTX_TRY_NUMBER='1' AIRFLOW_CTX_DAG_RUN_ID='scheduled__2026-08-16T00:00:00+00:00'
[2026-08-17T04:39:50.201+0000] {taskinstance.py:430} INFO - ::endgroup::
[2026-08-17T04:39:50.271+0000] {subprocess.py:63} INFO - Tmp dir root location: /tmp
[2026-08-17T04:39:50.282+0000] {subprocess.py:75} INFO - Running command: ['/usr/bin/bash', '-c', 'echo second task running as well']
[2026-08-17T04:39:50.322+0000] {subprocess.py:86} INFO - Output:
[2026-08-17T04:39:50.348+0000] {subprocess.py:93} INFO - second task running as well
[2026-08-17T04:39:50.358+0000] {subprocess.py:97} INFO - Command exited with return code 0
[2026-08-17T04:39:50.375+0000] {taskinstance.py:441} INFO - ::group::Post task execution logs
[2026-08-17T04:39:50.572+0000] {taskinstance.py:1206} INFO - Marking task as SUCCESS. dag_id=Our_first_DAG_1, task_id=third_task, run_id=scheduled__2026-08-16T00:00:00+00:00, execution_date=20260816T000000, start_date=20260817T043949, end_date=20260817T043950
[2026-08-17T04:39:50.698+0000] {local_task_job_runner.py:243} INFO - Task exited with return code 0
[2026-08-17T04:39:50.810+0000] {taskinstance.py:3503} INFO - 0 downstream tasks scheduled from follow-on schedule check
[2026-08-17T04:39:50.832+0000] {local_task_job_runner.py:222} INFO - ::endgroup::
