[2026-08-17T04:39:56.374+0000] {local_task_job_runner.py:120} INFO - ::group::Pre task execution logs
[2026-08-17T04:39:56.614+0000] {taskinstance.py:2076} INFO - Dependencies all met for dep_context=non-requeueable deps ti=<TaskInstance: Our_first_DAG_1.fifth_task scheduled__2026-08-16T00:00:00+00:00 [queued]>
[2026-08-17T04:39:56.677+0000] {taskinstance.py:2076} INFO - Dependencies all met for dep_context=requeueable deps ti=<TaskInstance: Our_first_DAG_1.fifth_task scheduled__2026-08-16T00:00:00+00:00 [queued]>
[2026-08-17T04:39:56.700+0000] {taskinstance.py:2306} INFO - Starting attempt 1 of 1
[2026-08-17T04:39:56.787+0000] {taskinstance.py:2330} INFO - Executing <Task(BashOperator): fifth_task> on 2026-08-16 00:00:00+00:00
[2026-08-17T04:39:56.830+0000] {standard_task_runner.py:90} INFO - Running: ['***', 'tasks', 'run', 'Our_first_DAG_1', 'fifth_task', 'scheduled__2026-08-16T00:00:00+00:00', '--job-id', '117', '--raw', '--subdir', 'DAGS_FOLDER/test_dag_3.py', '--cfg-path', '/tmp/tmpithnsgxj']
[2026-08-17T04:39:56.847+0000] {logging_mixin.py:188} WARNING - /home/***/.local/lib/python3.12/site-packages/***/task/task_runner/standard_task_runner.py:62 DeprecationWarning: This process (pid=3630) is multi-threaded, use of fork() may lead to deadlocks in the child.
[2026-08-17T04:39:56.865+0000] {standard_task_runner.py:91} INFO - Job 117: Subtask fifth_task
[2026-08-17T04:39:56.873+0000] {standard_task_runner.py:64} INFO - Started process 3631 to run task
[2026-08-17T04:39:57.298+0000] {task_command.py:426} INFO - Running <TaskInstance: Our_first_DAG_1.fifth_task scheduled__2026-08-16T00:00:00+00:00 [running]> on host e029bb475f22
[2026-08-17T04:39:57.765+0000] {taskinstance.py:2648} INFO - Exporting env vars: AIRFLOW_CTX_DAG_OWNER='Prasun' AIRFLOW_CTX_DAG_ID='Our_first_DAG_1' AIRFLOW_CTX_TASK_ID='fifth_task' AIRFLOW_CTX_EXECUTION_DATE='2026-08-16T00:00:00+00:00' AIRFLOW_CTX_TRY_NUMBER='1' AIRFLOW_CTX_DAG_RUN_ID='scheduled__2026-08-16T00:00:00+00:00'
[2026-08-17T04:39:57.785+0000] {taskinstance.py:430} INFO - ::endgroup::
[2026-08-17T04:39:57.882+0000] {subprocess.py:63} INFO - Tmp dir root location: /tmp
[2026-08-17T04:39:57.910+0000] {subprocess.py:75} INFO - Running command: ['/usr/bin/bash', '-c', 'python /opt/***/pyscript/new_name.py']
[2026-08-17T04:39:57.962+0000] {subprocess.py:86} INFO - Output:
[2026-08-17T04:39:58.466+0000] {subprocess.py:93} INFO - Hello chetan jain
[2026-08-17T04:39:58.484+0000] {subprocess.py:97} INFO - Command exited with return code 0
[2026-08-17T04:39:58.499+0000] {taskinstance.py:441} INFO - ::group::Post task execution logs
[2026-08-17T04:39:58.626+0000] {taskinstance.py:1206} INFO - Marking task as SUCCESS. dag_id=Our_first_DAG_1, task_id=fifth_task, run_id=scheduled__2026-08-16T00:00:00+00:00, execution_date=20260816T000000, start_date=20260817T043956, end_date=20260817T043958
[2026-08-17T04:39:58.752+0000] {local_task_job_runner.py:243} INFO - Task exited with return code 0
[2026-08-17T04:39:58.862+0000] {taskinstance.py:3503} INFO - 1 downstream tasks scheduled from follow-on schedule check
[2026-08-17T04:39:58.884+0000] {local_task_job_runner.py:222} INFO - ::endgroup::
