[2026-08-19T04:28:46.930+0000] {local_task_job_runner.py:120} INFO - ::group::Pre task execution logs
[2026-08-19T04:28:47.144+0000] {taskinstance.py:2076} INFO - Dependencies all met for dep_context=non-requeueable deps ti=<TaskInstance: Our_first_DAG_1.third_task scheduled__2026-08-18T00:00:00+00:00 [queued]>
[2026-08-19T04:28:47.193+0000] {taskinstance.py:2076} INFO - Dependencies all met for dep_context=requeueable deps ti=<TaskInstance: Our_first_DAG_1.third_task scheduled__2026-08-18T00:00:00+00:00 [queued]>
[2026-08-19T04:28:47.221+0000] {taskinstance.py:2306} INFO - Starting attempt 1 of 1
[2026-08-19T04:28:47.300+0000] {taskinstance.py:2330} INFO - Executing <Task(BashOperator): third_task> on 2026-08-18 00:00:00+00:00
[2026-08-19T04:28:47.373+0000] {standard_task_runner.py:90} INFO - Running: ['***', 'tasks', 'run', 'Our_first_DAG_1', 'third_task', 'scheduled__2026-08-18T00:00:00+00:00', '--job-id', '130', '--raw', '--subdir', 'DAGS_FOLDER/test_dag_3.py', '--cfg-path', '/tmp/tmpm9w58sgn']
[2026-08-19T04:28:47.401+0000] {logging_mixin.py:188} WARNING - /home/***/.local/lib/python3.12/site-packages/***/task/task_runner/standard_task_runner.py:62 DeprecationWarning: This process (pid=15103) is multi-threaded, use of fork() may lead to deadlocks in the child.
[2026-08-19T04:28:47.408+0000] {standard_task_runner.py:91} INFO - Job 130: Subtask third_task
[2026-08-19T04:28:47.459+0000] {standard_task_runner.py:64} INFO - Started process 15104 to run task
[2026-08-19T04:28:47.963+0000] {task_command.py:426} INFO - Running <TaskInstance: Our_first_DAG_1.third_task scheduled__2026-08-18T00:00:00+00:00 [running]> on host e029bb475f22
[2026-08-19T04:28:48.673+0000] {taskinstance.py:2648} INFO - Exporting env vars: AIRFLOW_CTX_DAG_OWNER='Prasun' AIRFLOW_CTX_DAG_ID='Our_first_DAG_1' AIRFLOW_CTX_TASK_ID='third_task' AIRFLOW_CTX_EXECUTION_DATE='2026-08-18T00:00:00+00:00' AIRFLOW_CTX_TRY_NUMBER='1' AIRFLOW_CTX_DAG_RUN_ID='scheduled__2026-08-18T00:00:00+00:00'
[2026-08-19T04:28:48.713+0000] {taskinstance.py:430} INFO - ::endgroup::
[2026-08-19T04:28:48.797+0000] {subprocess.py:63} INFO - Tmp dir root location: /tmp
[2026-08-19T04:28:48.814+0000] {subprocess.py:75} INFO - Running command: ['/usr/bin/bash', '-c', 'echo second task running as well']
[2026-08-19T04:28:48.869+0000] {subprocess.py:86} INFO - Output:
[2026-08-19T04:28:48.885+0000] {subprocess.py:93} INFO - second task running as well
[2026-08-19T04:28:48.897+0000] {subprocess.py:97} INFO - Command exited with return code 0
[2026-08-19T04:28:48.916+0000] {taskinstance.py:441} INFO - ::group::Post task execution logs
[2026-08-19T04:28:49.024+0000] {taskinstance.py:1206} INFO - Marking task as SUCCESS. dag_id=Our_first_DAG_1, task_id=third_task, run_id=scheduled__2026-08-18T00:00:00+00:00, execution_date=20260818T000000, start_date=20260819T042847, end_date=20260819T042849
[2026-08-19T04:28:49.103+0000] {local_task_job_runner.py:243} INFO - Task exited with return code 0
[2026-08-19T04:28:49.219+0000] {taskinstance.py:3503} INFO - 0 downstream tasks scheduled from follow-on schedule check
[2026-08-19T04:28:49.294+0000] {local_task_job_runner.py:222} INFO - ::endgroup::
