[2026-08-23T15:27:21.554+0000] {local_task_job_runner.py:120} INFO - ::group::Pre task execution logs
[2026-08-23T15:27:21.804+0000] {taskinstance.py:2076} INFO - Dependencies all met for dep_context=non-requeueable deps ti=<TaskInstance: Our_first_DAG_1.fifth_task scheduled__2026-08-22T00:00:00+00:00 [queued]>
[2026-08-23T15:27:21.879+0000] {taskinstance.py:2076} INFO - Dependencies all met for dep_context=requeueable deps ti=<TaskInstance: Our_first_DAG_1.fifth_task scheduled__2026-08-22T00:00:00+00:00 [queued]>
[2026-08-23T15:27:21.884+0000] {taskinstance.py:2306} INFO - Starting attempt 1 of 1
[2026-08-23T15:27:21.986+0000] {taskinstance.py:2330} INFO - Executing <Task(BashOperator): fifth_task> on 2026-08-22 00:00:00+00:00
[2026-08-23T15:27:22.031+0000] {standard_task_runner.py:90} INFO - Running: ['***', 'tasks', 'run', 'Our_first_DAG_1', 'fifth_task', 'scheduled__2026-08-22T00:00:00+00:00', '--job-id', '163', '--raw', '--subdir', 'DAGS_FOLDER/test_dag_3.py', '--cfg-path', '/tmp/tmpo2ywodu3']
[2026-08-23T15:27:22.051+0000] {standard_task_runner.py:91} INFO - Job 163: Subtask fifth_task
[2026-08-23T15:27:22.051+0000] {logging_mixin.py:188} WARNING - /home/***/.local/lib/python3.12/site-packages/***/task/task_runner/standard_task_runner.py:62 DeprecationWarning: This process (pid=228) is multi-threaded, use of fork() may lead to deadlocks in the child.
[2026-08-23T15:27:22.062+0000] {standard_task_runner.py:64} INFO - Started process 231 to run task
[2026-08-23T15:27:22.423+0000] {task_command.py:426} INFO - Running <TaskInstance: Our_first_DAG_1.fifth_task scheduled__2026-08-22T00:00:00+00:00 [running]> on host e029bb475f22
[2026-08-23T15:27:23.029+0000] {taskinstance.py:2648} INFO - Exporting env vars: AIRFLOW_CTX_DAG_OWNER='Prasun' AIRFLOW_CTX_DAG_ID='Our_first_DAG_1' AIRFLOW_CTX_TASK_ID='fifth_task' AIRFLOW_CTX_EXECUTION_DATE='2026-08-22T00:00:00+00:00' AIRFLOW_CTX_TRY_NUMBER='1' AIRFLOW_CTX_DAG_RUN_ID='scheduled__2026-08-22T00:00:00+00:00'
[2026-08-23T15:27:23.049+0000] {taskinstance.py:430} INFO - ::endgroup::
[2026-08-23T15:27:23.158+0000] {subprocess.py:63} INFO - Tmp dir root location: /tmp
[2026-08-23T15:27:23.171+0000] {subprocess.py:75} INFO - Running command: ['/usr/bin/bash', '-c', 'python /opt/***/pyscript/new_name.py']
[2026-08-23T15:27:23.225+0000] {subprocess.py:86} INFO - Output:
[2026-08-23T15:27:23.592+0000] {subprocess.py:93} INFO - Hello chetan jain
[2026-08-23T15:27:23.625+0000] {subprocess.py:97} INFO - Command exited with return code 0
[2026-08-23T15:27:23.642+0000] {taskinstance.py:441} INFO - ::group::Post task execution logs
[2026-08-23T15:27:23.820+0000] {taskinstance.py:1206} INFO - Marking task as SUCCESS. dag_id=Our_first_DAG_1, task_id=fifth_task, run_id=scheduled__2026-08-22T00:00:00+00:00, execution_date=20260822T000000, start_date=20260823T152721, end_date=20260823T152723
[2026-08-23T15:27:24.006+0000] {local_task_job_runner.py:243} INFO - Task exited with return code 0
[2026-08-23T15:27:24.189+0000] {taskinstance.py:3503} INFO - 1 downstream tasks scheduled from follow-on schedule check
[2026-08-23T15:27:24.211+0000] {local_task_job_runner.py:222} INFO - ::endgroup::
