[2026-08-23T15:27:17.223+0000] {local_task_job_runner.py:120} INFO - ::group::Pre task execution logs
[2026-08-23T15:27:17.508+0000] {taskinstance.py:2076} INFO - Dependencies all met for dep_context=non-requeueable deps ti=<TaskInstance: Our_first_DAG_1.fourth_task scheduled__2026-08-21T00:00:00+00:00 [queued]>
[2026-08-23T15:27:17.569+0000] {taskinstance.py:2076} INFO - Dependencies all met for dep_context=requeueable deps ti=<TaskInstance: Our_first_DAG_1.fourth_task scheduled__2026-08-21T00:00:00+00:00 [queued]>
[2026-08-23T15:27:17.574+0000] {taskinstance.py:2306} INFO - Starting attempt 1 of 1
[2026-08-23T15:27:17.705+0000] {taskinstance.py:2330} INFO - Executing <Task(BashOperator): fourth_task> on 2026-08-21 00:00:00+00:00
[2026-08-23T15:27:17.763+0000] {logging_mixin.py:188} WARNING - /home/***/.local/lib/python3.12/site-packages/***/task/task_runner/standard_task_runner.py:62 DeprecationWarning: This process (pid=218) is multi-threaded, use of fork() may lead to deadlocks in the child.
[2026-08-23T15:27:17.752+0000] {standard_task_runner.py:90} INFO - Running: ['***', 'tasks', 'run', 'Our_first_DAG_1', 'fourth_task', 'scheduled__2026-08-21T00:00:00+00:00', '--job-id', '160', '--raw', '--subdir', 'DAGS_FOLDER/test_dag_3.py', '--cfg-path', '/tmp/tmpfl8r5u9v']
[2026-08-23T15:27:17.770+0000] {standard_task_runner.py:64} INFO - Started process 223 to run task
[2026-08-23T15:27:17.774+0000] {standard_task_runner.py:91} INFO - Job 160: Subtask fourth_task
[2026-08-23T15:27:18.125+0000] {task_command.py:426} INFO - Running <TaskInstance: Our_first_DAG_1.fourth_task scheduled__2026-08-21T00:00:00+00:00 [running]> on host e029bb475f22
[2026-08-23T15:27:18.750+0000] {taskinstance.py:2648} INFO - Exporting env vars: AIRFLOW_CTX_DAG_OWNER='Prasun' AIRFLOW_CTX_DAG_ID='Our_first_DAG_1' AIRFLOW_CTX_TASK_ID='fourth_task' AIRFLOW_CTX_EXECUTION_DATE='2026-08-21T00:00:00+00:00' AIRFLOW_CTX_TRY_NUMBER='1' AIRFLOW_CTX_DAG_RUN_ID='scheduled__2026-08-21T00:00:00+00:00'
[2026-08-23T15:27:18.763+0000] {taskinstance.py:430} INFO - ::endgroup::
[2026-08-23T15:27:18.880+0000] {subprocess.py:63} INFO - Tmp dir root location: /tmp
[2026-08-23T15:27:18.889+0000] {subprocess.py:75} INFO - Running command: ['/usr/bin/bash', '-c', 'echo second task running as well']
[2026-08-23T15:27:18.951+0000] {subprocess.py:86} INFO - Output:
[2026-08-23T15:27:18.965+0000] {subprocess.py:93} INFO - second task running as well
[2026-08-23T15:27:18.974+0000] {subprocess.py:97} INFO - Command exited with return code 0
[2026-08-23T15:27:18.982+0000] {taskinstance.py:441} INFO - ::group::Post task execution logs
[2026-08-23T15:27:19.151+0000] {taskinstance.py:1206} INFO - Marking task as SUCCESS. dag_id=Our_first_DAG_1, task_id=fourth_task, run_id=scheduled__2026-08-21T00:00:00+00:00, execution_date=20260821T000000, start_date=20260823T152717, end_date=20260823T152719
[2026-08-23T15:27:19.287+0000] {local_task_job_runner.py:243} INFO - Task exited with return code 0
[2026-08-23T15:27:19.448+0000] {taskinstance.py:3503} INFO - 1 downstream tasks scheduled from follow-on schedule check
[2026-08-23T15:27:19.478+0000] {local_task_job_runner.py:222} INFO - ::endgroup::
