[2026-08-19T04:28:51.968+0000] {local_task_job_runner.py:120} INFO - ::group::Pre task execution logs
[2026-08-19T04:28:52.196+0000] {taskinstance.py:2076} INFO - Dependencies all met for dep_context=non-requeueable deps ti=<TaskInstance: Our_first_DAG_1.fourth_task scheduled__2026-08-18T00:00:00+00:00 [queued]>
[2026-08-19T04:28:52.274+0000] {taskinstance.py:2076} INFO - Dependencies all met for dep_context=requeueable deps ti=<TaskInstance: Our_first_DAG_1.fourth_task scheduled__2026-08-18T00:00:00+00:00 [queued]>
[2026-08-19T04:28:52.288+0000] {taskinstance.py:2306} INFO - Starting attempt 1 of 1
[2026-08-19T04:28:52.406+0000] {taskinstance.py:2330} INFO - Executing <Task(BashOperator): fourth_task> on 2026-08-18 00:00:00+00:00
[2026-08-19T04:28:52.454+0000] {standard_task_runner.py:90} INFO - Running: ['***', 'tasks', 'run', 'Our_first_DAG_1', 'fourth_task', 'scheduled__2026-08-18T00:00:00+00:00', '--job-id', '132', '--raw', '--subdir', 'DAGS_FOLDER/test_dag_3.py', '--cfg-path', '/tmp/tmpslpwwlch']
[2026-08-19T04:28:52.471+0000] {logging_mixin.py:188} WARNING - /home/***/.local/lib/python3.12/site-packages/***/task/task_runner/standard_task_runner.py:62 DeprecationWarning: This process (pid=15109) is multi-threaded, use of fork() may lead to deadlocks in the child.
[2026-08-19T04:28:52.477+0000] {standard_task_runner.py:91} INFO - Job 132: Subtask fourth_task
[2026-08-19T04:28:52.490+0000] {standard_task_runner.py:64} INFO - Started process 15110 to run task
[2026-08-19T04:28:52.860+0000] {task_command.py:426} INFO - Running <TaskInstance: Our_first_DAG_1.fourth_task scheduled__2026-08-18T00:00:00+00:00 [running]> on host e029bb475f22
[2026-08-19T04:28:53.321+0000] {taskinstance.py:2648} INFO - Exporting env vars: AIRFLOW_CTX_DAG_OWNER='Prasun' AIRFLOW_CTX_DAG_ID='Our_first_DAG_1' AIRFLOW_CTX_TASK_ID='fourth_task' AIRFLOW_CTX_EXECUTION_DATE='2026-08-18T00:00:00+00:00' AIRFLOW_CTX_TRY_NUMBER='1' AIRFLOW_CTX_DAG_RUN_ID='scheduled__2026-08-18T00:00:00+00:00'
[2026-08-19T04:28:53.341+0000] {taskinstance.py:430} INFO - ::endgroup::
[2026-08-19T04:28:53.453+0000] {subprocess.py:63} INFO - Tmp dir root location: /tmp
[2026-08-19T04:28:53.467+0000] {subprocess.py:75} INFO - Running command: ['/usr/bin/bash', '-c', 'echo second task running as well']
[2026-08-19T04:28:53.524+0000] {subprocess.py:86} INFO - Output:
[2026-08-19T04:28:53.538+0000] {subprocess.py:93} INFO - second task running as well
[2026-08-19T04:28:53.548+0000] {subprocess.py:97} INFO - Command exited with return code 0
[2026-08-19T04:28:53.568+0000] {taskinstance.py:441} INFO - ::group::Post task execution logs
[2026-08-19T04:28:53.718+0000] {taskinstance.py:1206} INFO - Marking task as SUCCESS. dag_id=Our_first_DAG_1, task_id=fourth_task, run_id=scheduled__2026-08-18T00:00:00+00:00, execution_date=20260818T000000, start_date=20260819T042852, end_date=20260819T042853
[2026-08-19T04:28:53.850+0000] {local_task_job_runner.py:243} INFO - Task exited with return code 0
[2026-08-19T04:28:54.005+0000] {taskinstance.py:3503} INFO - 1 downstream tasks scheduled from follow-on schedule check
[2026-08-19T04:28:54.030+0000] {local_task_job_runner.py:222} INFO - ::endgroup::
