[2026-08-17T04:39:49.151+0000] {local_task_job_runner.py:120} INFO - ::group::Pre task execution logs
[2026-08-17T04:39:49.369+0000] {taskinstance.py:2076} INFO - Dependencies all met for dep_context=non-requeueable deps ti=<TaskInstance: Our_first_DAG_1.second_task scheduled__2026-08-16T00:00:00+00:00 [queued]>
[2026-08-17T04:39:49.424+0000] {taskinstance.py:2076} INFO - Dependencies all met for dep_context=requeueable deps ti=<TaskInstance: Our_first_DAG_1.second_task scheduled__2026-08-16T00:00:00+00:00 [queued]>
[2026-08-17T04:39:49.432+0000] {taskinstance.py:2306} INFO - Starting attempt 1 of 1
[2026-08-17T04:39:49.495+0000] {taskinstance.py:2330} INFO - Executing <Task(BashOperator): second_task> on 2026-08-16 00:00:00+00:00
[2026-08-17T04:39:49.529+0000] {standard_task_runner.py:90} INFO - Running: ['***', 'tasks', 'run', 'Our_first_DAG_1', 'second_task', 'scheduled__2026-08-16T00:00:00+00:00', '--job-id', '113', '--raw', '--subdir', 'DAGS_FOLDER/test_dag_3.py', '--cfg-path', '/tmp/tmp2jpm4n86']
[2026-08-17T04:39:49.545+0000] {standard_task_runner.py:91} INFO - Job 113: Subtask second_task
[2026-08-17T04:39:49.548+0000] {logging_mixin.py:188} WARNING - /home/***/.local/lib/python3.12/site-packages/***/task/task_runner/standard_task_runner.py:62 DeprecationWarning: This process (pid=3614) is multi-threaded, use of fork() may lead to deadlocks in the child.
[2026-08-17T04:39:49.589+0000] {standard_task_runner.py:64} INFO - Started process 3623 to run task
[2026-08-17T04:39:49.780+0000] {task_command.py:426} INFO - Running <TaskInstance: Our_first_DAG_1.second_task scheduled__2026-08-16T00:00:00+00:00 [running]> on host e029bb475f22
[2026-08-17T04:39:50.213+0000] {taskinstance.py:2648} INFO - Exporting env vars: AIRFLOW_CTX_DAG_OWNER='Prasun' AIRFLOW_CTX_DAG_ID='Our_first_DAG_1' AIRFLOW_CTX_TASK_ID='second_task' AIRFLOW_CTX_EXECUTION_DATE='2026-08-16T00:00:00+00:00' AIRFLOW_CTX_TRY_NUMBER='1' AIRFLOW_CTX_DAG_RUN_ID='scheduled__2026-08-16T00:00:00+00:00'
[2026-08-17T04:39:50.224+0000] {taskinstance.py:430} INFO - ::endgroup::
[2026-08-17T04:39:50.294+0000] {subprocess.py:63} INFO - Tmp dir root location: /tmp
[2026-08-17T04:39:50.302+0000] {subprocess.py:75} INFO - Running command: ['/usr/bin/bash', '-c', 'echo second task running as well']
[2026-08-17T04:39:50.335+0000] {subprocess.py:86} INFO - Output:
[2026-08-17T04:39:50.347+0000] {subprocess.py:93} INFO - second task running as well
[2026-08-17T04:39:50.355+0000] {subprocess.py:97} INFO - Command exited with return code 0
[2026-08-17T04:39:50.364+0000] {taskinstance.py:441} INFO - ::group::Post task execution logs
[2026-08-17T04:39:50.527+0000] {taskinstance.py:1206} INFO - Marking task as SUCCESS. dag_id=Our_first_DAG_1, task_id=second_task, run_id=scheduled__2026-08-16T00:00:00+00:00, execution_date=20260816T000000, start_date=20260817T043949, end_date=20260817T043950
[2026-08-17T04:39:50.605+0000] {local_task_job_runner.py:243} INFO - Task exited with return code 0
[2026-08-17T04:39:50.744+0000] {taskinstance.py:3503} INFO - 1 downstream tasks scheduled from follow-on schedule check
[2026-08-17T04:39:50.761+0000] {local_task_job_runner.py:222} INFO - ::endgroup::
