[2026-08-20T00:17:11.442+0000] {local_task_job_runner.py:120} INFO - ::group::Pre task execution logs
[2026-08-20T00:17:11.518+0000] {taskinstance.py:2076} INFO - Dependencies all met for dep_context=non-requeueable deps ti=<TaskInstance: Our_first_DAG_1.third_task scheduled__2026-08-19T00:00:00+00:00 [queued]>
[2026-08-20T00:17:11.540+0000] {taskinstance.py:2076} INFO - Dependencies all met for dep_context=requeueable deps ti=<TaskInstance: Our_first_DAG_1.third_task scheduled__2026-08-19T00:00:00+00:00 [queued]>
[2026-08-20T00:17:11.543+0000] {taskinstance.py:2306} INFO - Starting attempt 1 of 1
[2026-08-20T00:17:11.575+0000] {taskinstance.py:2330} INFO - Executing <Task(BashOperator): third_task> on 2026-08-19 00:00:00+00:00
[2026-08-20T00:17:11.590+0000] {standard_task_runner.py:90} INFO - Running: ['***', 'tasks', 'run', 'Our_first_DAG_1', 'third_task', 'scheduled__2026-08-19T00:00:00+00:00', '--job-id', '137', '--raw', '--subdir', 'DAGS_FOLDER/test_dag_3.py', '--cfg-path', '/tmp/tmpaf0buo99']
[2026-08-20T00:17:11.595+0000] {standard_task_runner.py:91} INFO - Job 137: Subtask third_task
[2026-08-20T00:17:11.602+0000] {logging_mixin.py:188} WARNING - /home/***/.local/lib/python3.12/site-packages/***/task/task_runner/standard_task_runner.py:62 DeprecationWarning: This process (pid=17662) is multi-threaded, use of fork() may lead to deadlocks in the child.
[2026-08-20T00:17:11.607+0000] {standard_task_runner.py:64} INFO - Started process 17665 to run task
[2026-08-20T02:36:34.963+0000] {task_command.py:426} INFO - Running <TaskInstance: Our_first_DAG_1.third_task scheduled__2026-08-19T00:00:00+00:00 [running]> on host e029bb475f22
[2026-08-20T02:36:35.417+0000] {taskinstance.py:2648} INFO - Exporting env vars: AIRFLOW_CTX_DAG_OWNER='Prasun' AIRFLOW_CTX_DAG_ID='Our_first_DAG_1' AIRFLOW_CTX_TASK_ID='third_task' AIRFLOW_CTX_EXECUTION_DATE='2026-08-19T00:00:00+00:00' AIRFLOW_CTX_TRY_NUMBER='1' AIRFLOW_CTX_DAG_RUN_ID='scheduled__2026-08-19T00:00:00+00:00'
[2026-08-20T02:36:35.548+0000] {taskinstance.py:430} INFO - ::endgroup::
[2026-08-20T02:36:35.641+0000] {subprocess.py:63} INFO - Tmp dir root location: /tmp
[2026-08-20T02:36:35.675+0000] {subprocess.py:75} INFO - Running command: ['/usr/bin/bash', '-c', 'echo second task running as well']
[2026-08-20T02:36:35.773+0000] {subprocess.py:86} INFO - Output:
[2026-08-20T02:36:35.792+0000] {subprocess.py:93} INFO - second task running as well
[2026-08-20T02:36:35.812+0000] {subprocess.py:97} INFO - Command exited with return code 0
[2026-08-20T02:36:35.835+0000] {taskinstance.py:441} INFO - ::group::Post task execution logs
[2026-08-20T02:36:35.944+0000] {taskinstance.py:1206} INFO - Marking task as SUCCESS. dag_id=Our_first_DAG_1, task_id=third_task, run_id=scheduled__2026-08-19T00:00:00+00:00, execution_date=20260819T000000, start_date=20260820T001711, end_date=20260820T023635
[2026-08-20T02:36:36.052+0000] {local_task_job_runner.py:243} INFO - Task exited with return code 0
[2026-08-20T02:36:36.112+0000] {local_task_job_runner.py:222} INFO - ::endgroup::
