[2026-08-13T10:14:47.289+0000] {local_task_job_runner.py:120} INFO - ::group::Pre task execution logs
[2026-08-13T10:14:47.360+0000] {taskinstance.py:2076} INFO - Dependencies all met for dep_context=non-requeueable deps ti=<TaskInstance: Our_first_DAG_1.first_task manual__2026-08-13T10:14:45.718523+00:00 [queued]>
[2026-08-13T10:14:47.380+0000] {taskinstance.py:2076} INFO - Dependencies all met for dep_context=requeueable deps ti=<TaskInstance: Our_first_DAG_1.first_task manual__2026-08-13T10:14:45.718523+00:00 [queued]>
[2026-08-13T10:14:47.382+0000] {taskinstance.py:2306} INFO - Starting attempt 1 of 1
[2026-08-13T10:14:47.403+0000] {taskinstance.py:2330} INFO - Executing <Task(BashOperator): first_task> on 2026-08-13 10:14:45.718523+00:00
[2026-08-13T10:14:47.435+0000] {logging_mixin.py:188} WARNING - /home/***/.local/lib/python3.12/site-packages/***/task/task_runner/standard_task_runner.py:62 DeprecationWarning: This process (pid=323) is multi-threaded, use of fork() may lead to deadlocks in the child.
[2026-08-13T10:14:47.420+0000] {standard_task_runner.py:90} INFO - Running: ['***', 'tasks', 'run', 'Our_first_DAG_1', 'first_task', 'manual__2026-08-13T10:14:45.718523+00:00', '--job-id', '2', '--raw', '--subdir', 'DAGS_FOLDER/test_dag_3.py', '--cfg-path', '/tmp/tmpb6bx2otu']
[2026-08-13T10:14:47.439+0000] {standard_task_runner.py:64} INFO - Started process 330 to run task
[2026-08-13T10:14:47.440+0000] {standard_task_runner.py:91} INFO - Job 2: Subtask first_task
[2026-08-13T10:14:47.617+0000] {task_command.py:426} INFO - Running <TaskInstance: Our_first_DAG_1.first_task manual__2026-08-13T10:14:45.718523+00:00 [running]> on host e029bb475f22
[2026-08-13T10:14:47.801+0000] {taskinstance.py:2648} INFO - Exporting env vars: AIRFLOW_CTX_DAG_OWNER='Prasun' AIRFLOW_CTX_DAG_ID='Our_first_DAG_1' AIRFLOW_CTX_TASK_ID='first_task' AIRFLOW_CTX_EXECUTION_DATE='2026-08-13T10:14:45.718523+00:00' AIRFLOW_CTX_TRY_NUMBER='1' AIRFLOW_CTX_DAG_RUN_ID='manual__2026-08-13T10:14:45.718523+00:00'
[2026-08-13T10:14:47.805+0000] {taskinstance.py:430} INFO - ::endgroup::
[2026-08-13T10:14:47.864+0000] {subprocess.py:63} INFO - Tmp dir root location: /tmp
[2026-08-13T10:14:47.869+0000] {subprocess.py:75} INFO - Running command: ['/usr/bin/bash', '-c', 'echo hello world!']
[2026-08-13T10:14:47.919+0000] {subprocess.py:86} INFO - Output:
[2026-08-13T10:14:47.937+0000] {subprocess.py:93} INFO - hello world!
[2026-08-13T10:14:47.941+0000] {subprocess.py:97} INFO - Command exited with return code 0
[2026-08-13T10:14:47.945+0000] {taskinstance.py:441} INFO - ::group::Post task execution logs
[2026-08-13T10:14:48.060+0000] {taskinstance.py:1206} INFO - Marking task as SUCCESS. dag_id=Our_first_DAG_1, task_id=first_task, run_id=manual__2026-08-13T10:14:45.718523+00:00, execution_date=20260813T101445, start_date=20260813T101447, end_date=20260813T101448
[2026-08-13T10:14:48.101+0000] {local_task_job_runner.py:243} INFO - Task exited with return code 0
[2026-08-13T10:14:48.123+0000] {local_task_job_runner.py:222} INFO - ::endgroup::
